Component: ARM Compiler 5.06 update 5 (build 528) Tool: armlink [4d35e2]

==============================================================================

Section Cross References

    startup_stm32f105xc.o(RESET) refers to startup_stm32f105xc.o(STACK) for __initial_sp
    startup_stm32f105xc.o(RESET) refers to startup_stm32f105xc.o(.text) for Reset_Handler
    startup_stm32f105xc.o(RESET) refers to stm32f1xx_it.o(i.NMI_Handler) for NMI_Handler
    startup_stm32f105xc.o(RESET) refers to stm32f1xx_it.o(i.HardFault_Handler) for HardFault_Handler
    startup_stm32f105xc.o(RESET) refers to stm32f1xx_it.o(i.MemManage_Handler) for MemManage_Handler
    startup_stm32f105xc.o(RESET) refers to stm32f1xx_it.o(i.BusFault_Handler) for BusFault_Handler
    startup_stm32f105xc.o(RESET) refers to stm32f1xx_it.o(i.UsageFault_Handler) for UsageFault_Handler
    startup_stm32f105xc.o(RESET) refers to stm32f1xx_it.o(i.SVC_Handler) for SVC_Handler
    startup_stm32f105xc.o(RESET) refers to stm32f1xx_it.o(i.DebugMon_Handler) for DebugMon_Handler
    startup_stm32f105xc.o(RESET) refers to stm32f1xx_it.o(i.PendSV_Handler) for PendSV_Handler
    startup_stm32f105xc.o(RESET) refers to stm32f1xx_it.o(i.SysTick_Handler) for SysTick_Handler
    startup_stm32f105xc.o(RESET) refers to usart.o(i.DMA1_Channel2_IRQHandler) for DMA1_Channel2_IRQHandler
    startup_stm32f105xc.o(RESET) refers to usart.o(i.DMA1_Channel3_IRQHandler) for DMA1_Channel3_IRQHandler
    startup_stm32f105xc.o(RESET) refers to can.o(i.CAN1_RX0_IRQHandler) for CAN1_RX0_IRQHandler
    startup_stm32f105xc.o(RESET) refers to timer.o(i.TIM3_IRQHandler) for TIM3_IRQHandler
    startup_stm32f105xc.o(RESET) refers to timer.o(i.TIM4_IRQHandler) for TIM4_IRQHandler
    startup_stm32f105xc.o(RESET) refers to usart.o(i.USART1_IRQHandler) for USART1_IRQHandler
    startup_stm32f105xc.o(RESET) refers to usart.o(i.USART2_IRQHandler) for USART2_IRQHandler
    startup_stm32f105xc.o(RESET) refers to usart.o(i.USART3_IRQHandler) for USART3_IRQHandler
    startup_stm32f105xc.o(RESET) refers to rtc.o(i.RTC_Alarm_IRQHandler) for RTC_Alarm_IRQHandler
    startup_stm32f105xc.o(RESET) refers to timer.o(i.TIM5_IRQHandler) for TIM5_IRQHandler
    startup_stm32f105xc.o(.text) refers to system_stm32f1xx_1.o(i.SystemInit) for SystemInit
    startup_stm32f105xc.o(.text) refers to entry.o(.ARM.Collect$$$$00000000) for __main
    system_stm32f1xx_1.o(i.SystemCoreClockUpdate) refers to system_stm32f1xx_1.o(.data) for SystemCoreClock
    system_stm32f1xx_1.o(i.SystemCoreClockUpdate) refers to system_stm32f1xx_1.o(.constdata) for AHBPrescTable
    main.o(i.main) refers to stm32f1xx_hal.o(i.HAL_Init) for HAL_Init
    main.o(i.main) refers to sys.o(i.Stm32_Clock_Init) for Stm32_Clock_Init
    main.o(i.main) refers to delay.o(i.delay_init) for delay_init
    main.o(i.main) refers to led.o(i.LED_Init) for LED_Init
    main.o(i.main) refers to spi.o(i.SPI1_Init) for SPI1_Init
    main.o(i.main) refers to usart.o(i.Uart_Init) for Uart_Init
    main.o(i.main) refers to gps_u_blox.o(i.GPS_Power_IO_Init) for GPS_Power_IO_Init
    main.o(i.main) refers to timer.o(i.TIM3_Init) for TIM3_Init
    main.o(i.main) refers to can.o(i.CAN1_Mode_Init) for CAN1_Mode_Init
    main.o(i.main) refers to stm32f1xx_hal_gpio.o(i.HAL_GPIO_ReadPin) for HAL_GPIO_ReadPin
    main.o(i.main) refers to gps_u_blox.o(i.GPS_Power_On) for GPS_Power_On
    main.o(i.main) refers to stm32f1xx_hal_uart.o(i.HAL_UART_Transmit_DMA) for HAL_UART_Transmit_DMA
    main.o(i.main) refers to stm32f1xx_hal_uart.o(i.HAL_UART_Receive_DMA) for HAL_UART_Receive_DMA
    main.o(i.main) refers to usart.o(i.UART_Send_messag) for UART_Send_messag
    main.o(i.main) refers to gps_u_blox.o(i.GPS_Power_Off) for GPS_Power_Off
    main.o(i.main) refers to stm32f1xx_hal_spi.o(i.HAL_SPI_Receive) for HAL_SPI_Receive
    main.o(i.main) refers to stm32f1xx_hal.o(i.HAL_Delay) for HAL_Delay
    main.o(i.main) refers to usart.o(.bss) for MCU_M720_UART1_Handler
    main.o(i.main) refers to usart.o(.data) for USART_RX_STA_GPS
    main.o(i.main) refers to main.o(.data) for i
    main.o(i.main) refers to main.o(.bss) for SPI_Receive
    main.o(i.main) refers to spi.o(.bss) for SPI1_Handler
    stm32f1xx_it.o(i.SysTick_Handler) refers to stm32f1xx_hal.o(i.HAL_IncTick) for HAL_IncTick
    delay.o(i.delay_init) refers to stm32f1xx_hal_cortex.o(i.HAL_SYSTICK_CLKSourceConfig) for HAL_SYSTICK_CLKSourceConfig
    delay.o(i.delay_init) refers to delay.o(.data) for fac_us
    delay.o(i.delay_ms) refers to delay.o(i.delay_us) for delay_us
    delay.o(i.delay_us) refers to delay.o(.data) for fac_us
    sys.o(i.Stm32_Clock_Init) refers to memseta.o(.text) for __aeabi_memclr4
    sys.o(i.Stm32_Clock_Init) refers to stm32f1xx_hal_rcc.o(i.HAL_RCC_OscConfig) for HAL_RCC_OscConfig
    sys.o(i.Stm32_Clock_Init) refers to stm32f1xx_hal_rcc.o(i.HAL_RCC_ClockConfig) for HAL_RCC_ClockConfig
[...]
    Removing stm32f1xx_hal_usart.o(i.USART_DMAError), (84 bytes).
    Removing stm32f1xx_hal_usart.o(i.USART_DMAReceiveCplt), (128 bytes).
    Removing stm32f1xx_hal_usart.o(i.USART_DMARxAbortCallback), (48 bytes).
    Removing stm32f1xx_hal_usart.o(i.USART_DMARxHalfCplt), (14 bytes).
    Removing stm32f1xx_hal_usart.o(i.USART_DMATransmitCplt), (70 bytes).
    Removing stm32f1xx_hal_usart.o(i.USART_DMATxAbortCallback), (48 bytes).
    Removing stm32f1xx_hal_usart.o(i.USART_DMATxHalfCplt), (14 bytes).
    Removing stm32f1xx_hal_usart.o(i.USART_EndRxTransfer), (32 bytes).
    Removing stm32f1xx_hal_usart.o(i.USART_EndTransmit_IT), (44 bytes).
    Removing stm32f1xx_hal_usart.o(i.USART_EndTxTransfer), (20 bytes).
    Removing stm32f1xx_hal_usart.o(i.USART_Receive_IT), (194 bytes).
    Removing stm32f1xx_hal_usart.o(i.USART_SetConfig), (312 bytes).
    Removing stm32f1xx_hal_usart.o(i.USART_TransmitReceive_IT), (270 bytes).
    Removing stm32f1xx_hal_usart.o(i.USART_Transmit_IT), (104 bytes).
    Removing stm32f1xx_hal_usart.o(i.USART_WaitOnFlagUntilTimeout), (128 bytes).
    Removing stm32f1xx_hal_wwdg.o(.rev16_text), (4 bytes).
    Removing stm32f1xx_hal_wwdg.o(.revsh_text), (4 bytes).
    Removing stm32f1xx_hal_wwdg.o(.rrx_text), (6 bytes).
    Removing stm32f1xx_hal_wwdg.o(i.HAL_WWDG_EarlyWakeupCallback), (2 bytes).
    Removing stm32f1xx_hal_wwdg.o(i.HAL_WWDG_IRQHandler), (40 bytes).
    Removing stm32f1xx_hal_wwdg.o(i.HAL_WWDG_Init), (44 bytes).
    Removing stm32f1xx_hal_wwdg.o(i.HAL_WWDG_MspInit), (2 bytes).
    Removing stm32f1xx_hal_wwdg.o(i.HAL_WWDG_Refresh), (12 bytes).
    Removing stm32f1xx_ll_usb.o(.rev16_text), (4 bytes).
    Removing stm32f1xx_ll_usb.o(.revsh_text), (4 bytes).
    Removing stm32f1xx_ll_usb.o(.rrx_text), (6 bytes).
    Removing stm32f1xx_ll_usb.o(i.USB_ActivateEndpoint), (216 bytes).
    Removing stm32f1xx_ll_usb.o(i.USB_ActivateRemoteWakeup), (34 bytes).
    Removing stm32f1xx_ll_usb.o(i.USB_ActivateSetup), (68 bytes).
    Removing stm32f1xx_ll_usb.o(i.USB_ClearInterrupts), (8 bytes).
    Removing stm32f1xx_ll_usb.o(i.USB_CoreInit), (28 bytes).
    Removing stm32f1xx_ll_usb.o(i.USB_CoreReset), (76 bytes).
    Removing stm32f1xx_ll_usb.o(i.USB_DeActivateRemoteWakeup), (22 bytes).
    Removing stm32f1xx_ll_usb.o(i.USB_DeactivateEndpoint), (168 bytes).
    Removing stm32f1xx_ll_usb.o(i.USB_DevConnect), (30 bytes).
    Removing stm32f1xx_ll_usb.o(i.USB_DevDisconnect), (30 bytes).
    Removing stm32f1xx_ll_usb.o(i.USB_DevInit), (348 bytes).
    Removing stm32f1xx_ll_usb.o(i.USB_DisableGlobalInt), (14 bytes).
    Removing stm32f1xx_ll_usb.o(i.USB_DoPing), (64 bytes).
    Removing stm32f1xx_ll_usb.o(i.USB_DriveVbus), (72 bytes).
    Removing stm32f1xx_ll_usb.o(i.USB_EP0StartXfer), (388 bytes).
    Removing stm32f1xx_ll_usb.o(i.USB_EP0_OutStart), (48 bytes).
    Removing stm32f1xx_ll_usb.o(i.USB_EPClearStall), (136 bytes).
    Removing stm32f1xx_ll_usb.o(i.USB_EPSetStall), (140 bytes).
    Removing stm32f1xx_ll_usb.o(i.USB_EPStartXfer), (676 bytes).
    Removing stm32f1xx_ll_usb.o(i.USB_EnableGlobalInt), (14 bytes).
    Removing stm32f1xx_ll_usb.o(i.USB_FlushRxFifo), (44 bytes).
    Removing stm32f1xx_ll_usb.o(i.USB_FlushTxFifo), (48 bytes).
    Removing stm32f1xx_ll_usb.o(i.USB_GetCurrentFrame), (12 bytes).
    Removing stm32f1xx_ll_usb.o(i.USB_GetDevSpeed), (54 bytes).
    Removing stm32f1xx_ll_usb.o(i.USB_GetHostSpeed), (22 bytes).
    Removing stm32f1xx_ll_usb.o(i.USB_GetMode), (10 bytes).
    Removing stm32f1xx_ll_usb.o(i.USB_HC_Halt), (378 bytes).
    Removing stm32f1xx_ll_usb.o(i.USB_HC_Init), (358 bytes).
    Removing stm32f1xx_ll_usb.o(i.USB_HC_ReadInterrupt), (12 bytes).
    Removing stm32f1xx_ll_usb.o(i.USB_HC_StartXfer), (304 bytes).
    Removing stm32f1xx_ll_usb.o(i.USB_HostInit), (200 bytes).
    Removing stm32f1xx_ll_usb.o(i.USB_InitFSLSPClkSel), (62 bytes).
    Removing stm32f1xx_ll_usb.o(i.USB_ReadDevAllInEpInterrupt), (20 bytes).
    Removing stm32f1xx_ll_usb.o(i.USB_ReadDevAllOutEpInterrupt), (20 bytes).
    Removing stm32f1xx_ll_usb.o(i.USB_ReadDevInEPInterrupt), (50 bytes).
    Removing stm32f1xx_ll_usb.o(i.USB_ReadDevOutEPInterrupt), (24 bytes).
    Removing stm32f1xx_ll_usb.o(i.USB_ReadInterrupts), (12 bytes).
    Removing stm32f1xx_ll_usb.o(i.USB_ReadPacket), (40 bytes).
    Removing stm32f1xx_ll_usb.o(i.USB_ResetPort), (52 bytes).
    Removing stm32f1xx_ll_usb.o(i.USB_SetCurrentMode), (48 bytes).
    Removing stm32f1xx_ll_usb.o(i.USB_SetDevAddress), (36 bytes).
    Removing stm32f1xx_ll_usb.o(i.USB_SetDevSpeed), (16 bytes).
    Removing stm32f1xx_ll_usb.o(i.USB_StopDevice), (84 bytes).
    Removing stm32f1xx_ll_usb.o(i.USB_StopHost), (176 bytes).
    Removing stm32f1xx_ll_usb.o(i.USB_WritePacket), (46 bytes).
    Removing dmul.o(.text), (228 bytes).
    Removing ddiv.o(.text), (222 bytes).
    Removing dfltui.o(.text), (26 bytes).
    Removing dfixui.o(.text), (50 bytes).
    Removing depilogue.o(.text), (186 bytes).
    Removing dadd.o(.text), (334 bytes).
    Removing dfixul.o(.text), (48 bytes).
    Removing cdrcmple.o(.text), (48 bytes).

1020 unused section(s) (total 88100 bytes) removed from the image.

==============================================================================

Image Symbol Table

    Local Symbols

    Symbol Name                              Value     Ov Type        Size  Object(Section)

    ../clib/../cmprslib/zerorunl2.c          0x00000000   Number         0  __dczerorl2.o ABSOLUTE
    ../clib/microlib/division.c              0x00000000   Number         0  uldiv.o ABSOLUTE
    ../clib/microlib/division.c              0x00000000   Number         0  uidiv.o ABSOLUTE
    ../clib/microlib/init/entry.s            0x00000000   Number         0  entry10a.o ABSOLUTE
    ../clib/microlib/init/entry.s            0x00000000   Number         0  entry8a.o ABSOLUTE
    ../clib/microlib/init/entry.s            0x00000000   Number         0  entry10b.o ABSOLUTE
    ../clib/microlib/init/entry.s            0x00000000   Number         0  entry11a.o ABSOLUTE
    ../clib/microlib/init/entry.s            0x00000000   Number         0  entry8b.o ABSOLUTE
    ../clib/microlib/init/entry.s            0x00000000   Number         0  entry9a.o ABSOLUTE
    ../clib/microlib/init/entry.s            0x00000000   Number         0  entry2.o ABSOLUTE
    ../clib/microlib/init/entry.s            0x00000000   Number         0  entry9b.o ABSOLUTE
    ../clib/microlib/init/entry.s            0x00000000   Number         0  entry11b.o ABSOLUTE
    ../clib/microlib/init/entry.s            0x00000000   Number         0  entry.o ABSOLUTE
    ../clib/microlib/init/entry.s            0x00000000   Number         0  entry7b.o ABSOLUTE
    ../clib/microlib/init/entry.s            0x00000000   Number         0  entry7a.o ABSOLUTE
    ../clib/microlib/init/entry.s            0x00000000   Number         0  entry5.o ABSOLUTE
    ../clib/microlib/longlong.c              0x00000000   Number         0  llushr.o ABSOLUTE
    ../clib/microlib/longlong.c              0x00000000   Number         0  llsshr.o ABSOLUTE
    ../clib/microlib/longlong.c              0x00000000   Number         0  llshl.o ABSOLUTE
    ../clib/microlib/printf/printf.c         0x00000000   Number         0  printf6.o ABSOLUTE
    ../clib/microlib/printf/printf.c         0x00000000   Number         0  printf8.o ABSOLUTE
    ../clib/microlib/printf/printf.c         0x00000000   Number         0  printfa.o ABSOLUTE
    ../clib/microlib/printf/printf.c         0x00000000   Number         0  printf4.o ABSOLUTE
    ../clib/microlib/printf/printf.c         0x00000000   Number         0  printf7.o ABSOLUTE
    ../clib/microlib/printf/printf.c         0x00000000   Number         0  printf2.o ABSOLUTE
    ../clib/microlib/printf/printf.c         0x00000000   Number         0  printf1.o ABSOLUTE
    ../clib/microlib/printf/printf.c         0x00000000   Number         0  printf3.o ABSOLUTE
    ../clib/microlib/printf/printf.c         0x00000000   Number         0  printfb.o ABSOLUTE
    ../clib/microlib/printf/printf.c         0x00000000   Number         0  printf5.o ABSOLUTE
    ../clib/microlib/printf/printf.c         0x00000000   Number         0  printf0.o ABSOLUTE
    ../clib/microlib/string/memcpy.c         0x00000000   Number         0  memcpya.o ABSOLUTE
    ../clib/microlib/string/memcpy.c         0x00000000   Number         0  memcpyb.o ABSOLUTE
    ../clib/microlib/string/memset.c         0x00000000   Number         0  memseta.o ABSOLUTE
    ../clib/microlib/stubs.s                 0x00000000   Number         0  useno.o ABSOLUTE
    ../clib/microlib/stubs.s                 0x00000000   Number         0  iusefp.o ABSOLUTE
    ../fplib/microlib/fpadd.c                0x00000000   Number         0  dadd.o ABSOLUTE
    ../fplib/microlib/fpdiv.c                0x00000000   Number         0  ddiv.o ABSOLUTE
    ../fplib/microlib/fpepilogue.c           0x00000000   Number         0  depilogue.o ABSOLUTE
    ../fplib/microlib/fpfix.c                0x00000000   Number         0  dfixui.o ABSOLUTE
    ../fplib/microlib/fpfix.c                0x00000000   Number         0  dfixul.o ABSOLUTE
    ../fplib/microlib/fpflt.c                0x00000000   Number         0  dfltui.o ABSOLUTE
    ../fplib/microlib/fpmul.c                0x00000000   Number         0  dmul.o ABSOLUTE
    ..\Drivers\CMSIS\Device\ST\STM32F1xx\Source\Templates\system_stm32f1xx.c 0x00000000   Number         0  system_stm32f1xx_1.o ABSOLUTE
    ..\Drivers\STM32F1xx_HAL_Driver\Src\stm32f1xx_hal.c 0x00000000   Number         0  stm32f1xx_hal.o ABSOLUTE
    ..\Drivers\STM32F1xx_HAL_Driver\Src\stm32f1xx_hal_adc.c 0x00000000   Number         0  stm32f1xx_hal_adc.o ABSOLUTE
    ..\Drivers\STM32F1xx_HAL_Driver\Src\stm32f1xx_hal_adc_ex.c 0x00000000   Number         0  stm32f1xx_hal_adc_ex.o ABSOLUTE
    ..\Drivers\STM32F1xx_HAL_Driver\Src\stm32f1xx_hal_can.c 0x00000000   Number         0  stm32f1xx_hal_can.o ABSOLUTE
    ..\Drivers\STM32F1xx_HAL_Driver\Src\stm32f1xx_hal_cec.c 0x00000000   Number         0  stm32f1xx_hal_cec.o ABSOLUTE
    ..\Drivers\STM32F1xx_HAL_Driver\Src\stm32f1xx_hal_cortex.c 0x00000000   Number         0  stm32f1xx_hal_cortex.o ABSOLUTE
    ..\Drivers\STM32F1xx_HAL_Driver\Src\stm32f1xx_hal_crc.c 0x00000000   Number         0  stm32f1xx_hal_crc.o ABSOLUTE
    ..\Drivers\STM32F1xx_HAL_Driver\Src\stm32f1xx_hal_dac.c 0x00000000   Number         0  stm32f1xx_hal_dac.o ABSOLUTE
    ..\Drivers\STM32F1xx_HAL_Driver\Src\stm32f1xx_hal_dac_ex.c 0x00000000   Number         0  stm32f1xx_hal_dac_ex.o ABSOLUTE
    ..\Drivers\STM32F1xx_HAL_Driver\Src\stm32f1xx_hal_dma.c 0x00000000   Number         0  stm32f1xx_hal_dma.o ABSOLUTE
    ..\Drivers\STM32F1xx_HAL_Driver\Src\stm32f1xx_hal_eth.c 0x00000000   Number         0  stm32f1xx_hal_eth.o ABSOLUTE
    ..\Drivers\STM32F1xx_HAL_Driver\Src\stm32f1xx_hal_flash.c 0x00000000   Number         0  stm32f1xx_hal_flash.o ABSOLUTE
    ..\Drivers\STM32F1xx_HAL_Driver\Src\stm32f1xx_hal_flash_ex.c 0x00000000   Number         0  stm32f1xx_hal_flash_ex.o ABSOLUTE
    ..\Drivers\STM32F1xx_HAL_Driver\Src\stm32f1xx_hal_gpio.c 0x00000000   Number         0  stm32f1xx_hal_gpio.o ABSOLUTE
    ..\Drivers\STM32F1xx_HAL_Driver\Src\stm32f1xx_hal_gpio_ex.c 0x00000000   Number         0  stm32f1xx_hal_gpio_ex.o ABSOLUTE
    ..\Drivers\STM32F1xx_HAL_Driver\Src\stm32f1xx_hal_hcd.c 0x00000000   Number         0  stm32f1xx_hal_hcd.o ABSOLUTE
    ..\Drivers\STM32F1xx_HAL_Driver\Src\stm32f1xx_hal_i2c.c 0x00000000   Number         0  stm32f1xx_hal_i2c.o ABSOLUTE
    ..\Drivers\STM32F1xx_HAL_Driver\Src\stm32f1xx_hal_i2s.c 0x00000000   Number         0  stm32f1xx_hal_i2s.o ABSOLUTE
    ..\Drivers\STM32F1xx_HAL_Driver\Src\stm32f1xx_hal_irda.c 0x00000000   Number         0  stm32f1xx_hal_irda.o ABSOLUTE
    ..\Drivers\STM32F1xx_HAL_Driver\Src\stm32f1xx_hal_iwdg.c 0x00000000   Number         0  stm32f1xx_hal_iwdg.o ABSOLUTE
    ..\Drivers\STM32F1xx_HAL_Driver\Src\stm32f1xx_hal_mmc.c 0x00000000   Number         0  stm32f1xx_hal_mmc.o ABSOLUTE
    ..\Drivers\STM32F1xx_HAL_Driver\Src\stm32f1xx_hal_nand.c 0x00000000   Number         0  stm32f1xx_hal_nand.o ABSOLUTE
    ..\Drivers\STM32F1xx_HAL_Driver\Src\stm32f1xx_hal_nor.c 0x00000000   Number         0  stm32f1xx_hal_nor.o ABSOLUTE
    ..\Drivers\STM32F1xx_HAL_Driver\Src\stm32f1xx_hal_pccard.c 0x00000000   Number         0  stm32f1xx_hal_pccard.o ABSOLUTE
    ..\Drivers\STM32F1xx_HAL_Driver\Src\stm32f1xx_hal_pcd.c 0x00000000   Number         0  stm32f1xx_hal_pcd.o ABSOLUTE
    ..\Drivers\STM32F1xx_HAL_Driver\Src\stm32f1xx_hal_pcd_ex.c 0x00000000   Number         0  stm32f1xx_hal_pcd_ex.o ABSOLUTE
    ..\Drivers\STM32F1xx_HAL_Driver\Src\stm32f1xx_hal_pwr.c 0x00000000   Number         0  stm32f1xx_hal_pwr.o ABSOLUTE
    ..\Drivers\STM32F1xx_HAL_Driver\Src\stm32f1xx_hal_rcc.c 0x00000000   Number         0  stm32f1xx_hal_rcc.o ABSOLUTE
    ..\Drivers\STM32F1xx_HAL_Driver\Src\stm32f1xx_hal_rcc_ex.c 0x00000000   Number         0  stm32f1xx_hal_rcc_ex.o ABSOLUTE
    ..\Drivers\STM32F1xx_HAL_Driver\Src\stm32f1xx_hal_rtc.c 0x00000000   Number         0  stm32f1xx_hal_rtc.o ABSOLUTE
    ..\Drivers\STM32F1xx_HAL_Driver\Src\stm32f1xx_hal_rtc_ex.c 0x00000000   Number         0  stm32f1xx_hal_rtc_ex.o ABSOLUTE
    ..\Drivers\STM32F1xx_HAL_Driver\Src\stm32f1xx_hal_sd.c 0x00000000   Number         0  stm32f1xx_hal_sd.o ABSOLUTE
    ..\Drivers\STM32F1xx_HAL_Driver\Src\stm32f1xx_hal_smartcard.c 0x00000000   Number         0  stm32f1xx_hal_smartcard.o ABSOLUTE
    ..\Drivers\STM32F1xx_HAL_Driver\Src\stm32f1xx_hal_spi.c 0x00000000   Number         0  stm32f1xx_hal_spi.o ABSOLUTE
    ..\Drivers\STM32F1xx_HAL_Driver\Src\stm32f1xx_hal_spi_ex.c 0x00000000   Number         0  stm32f1xx_hal_spi_ex.o ABSOLUTE
    ..\Drivers\STM32F1xx_HAL_Driver\Src\stm32f1xx_hal_sram.c 0x00000000   Number         0  stm32f1xx_hal_sram.o ABSOLUTE
    ..\Drivers\STM32F1xx_HAL_Driver\Src\stm32f1xx_hal_tim.c 0x00000000   Number         0  stm32f1xx_hal_tim.o ABSOLUTE
    ..\Drivers\STM32F1xx_HAL_Driver\Src\stm32f1xx_hal_tim_ex.c 0x00000000   Number         0  stm32f1xx_hal_tim_ex.o ABSOLUTE
    ..\Drivers\STM32F1xx_HAL_Driver\Src\stm32f1xx_hal_uart.c 0x00000000   Number         0  stm32f1xx_hal_uart.o ABSOLUTE
    ..\Drivers\STM32F1xx_HAL_Driver\Src\stm32f1xx_hal_usart.c 0x00000000   Number         0  stm32f1xx_hal_usart.o ABSOLUTE
    ..\Drivers\STM32F1xx_HAL_Driver\Src\stm32f1xx_hal_wwdg.c 0x00000000   Number         0  stm32f1xx_hal_wwdg.o ABSOLUTE
    ..\Drivers\STM32F1xx_HAL_Driver\Src\stm32f1xx_ll_usb.c 0x00000000   Number         0  stm32f1xx_ll_usb.o ABSOLUTE
    ..\Drivers_user\CAN\can.c                0x00000000   Number         0  can.o ABSOLUTE
    ..\Drivers_user\DAC\dac.c                0x00000000   Number         0  dac.o ABSOLUTE
    ..\Drivers_user\DMA\dma.c                0x00000000   Number         0  dma.o ABSOLUTE
    ..\Drivers_user\LED\led.c                0x00000000   Number         0  led.o ABSOLUTE
    ..\Drivers_user\RTC\rtc.c                0x00000000   Number         0  rtc.o ABSOLUTE
    ..\Drivers_user\SPI\spi.c                0x00000000   Number         0  spi.o ABSOLUTE
    ..\Drivers_user\TIMER\timer.c            0x00000000   Number         0  timer.o ABSOLUTE
    ..\HAERDWEAR\GPS\GPS_U_BLOX.c            0x00000000   Number         0  gps_u_blox.o ABSOLUTE
    ..\HAERDWEAR\NB_counmuniction\M720_Communication.c 0x00000000   Number         0  m720_communication.o ABSOLUTE
    ..\SYSTEM\delay\delay.c                  0x00000000   Number         0  delay.o ABSOLUTE
    ..\SYSTEM\sys\sys.c                      0x00000000   Number         0  sys.o ABSOLUTE
    ..\SYSTEM\usart\usart.c                  0x00000000   Number         0  usart.o ABSOLUTE
    ..\USER\Src\main.c                       0x00000000   Number         0  main.o ABSOLUTE
    ..\USER\Src\stm32f1xx_hal_msp.c          0x00000000   Number         0  stm32f1xx_hal_msp.o ABSOLUTE
    ..\USER\Src\stm32f1xx_it.c               0x00000000   Number         0  stm32f1xx_it.o ABSOLUTE
    ..\\Drivers\\CMSIS\\Device\\ST\\STM32F1xx\\Source\\Templates\\system_stm32f1xx.c 0x00000000   Number         0  system_stm32f1xx_1.o ABSOLUTE
    ..\\Drivers\\STM32F1xx_HAL_Driver\\Src\\stm32f1xx_hal.c 0x00000000   Number         0  stm32f1xx_hal.o ABSOLUTE
    ..\\Drivers\\STM32F1xx_HAL_Driver\\Src\\stm32f1xx_hal_adc.c 0x00000000   Number         0  stm32f1xx_hal_adc.o ABSOLUTE
    ..\\Drivers\\STM32F1xx_HAL_Driver\\Src\\stm32f1xx_hal_adc_ex.c 0x00000000   Number         0  stm32f1xx_hal_adc_ex.o ABSOLUTE
    ..\\Drivers\\STM32F1xx_HAL_Driver\\Src\\stm32f1xx_hal_can.c 0x00000000   Number         0  stm32f1xx_hal_can.o ABSOLUTE
    ..\\Drivers\\STM32F1xx_HAL_Driver\\Src\\stm32f1xx_hal_cec.c 0x00000000   Number         0  stm32f1xx_hal_cec.o ABSOLUTE
    ..\\Drivers\\STM32F1xx_HAL_Driver\\Src\\stm32f1xx_hal_cortex.c 0x00000000   Number         0  stm32f1xx_hal_cortex.o ABSOLUTE
    ..\\Drivers\\STM32F1xx_HAL_Driver\\Src\\stm32f1xx_hal_crc.c 0x00000000   Number         0  stm32f1xx_hal_crc.o ABSOLUTE
    ..\\Drivers\\STM32F1xx_HAL_Driver\\Src\\stm32f1xx_hal_dac.c 0x00000000   Number         0  stm32f1xx_hal_dac.o ABSOLUTE
    ..\\Drivers\\STM32F1xx_HAL_Driver\\Src\\stm32f1xx_hal_dac_ex.c 0x00000000   Number         0  stm32f1xx_hal_dac_ex.o ABSOLUTE
    ..\\Drivers\\STM32F1xx_HAL_Driver\\Src\\stm32f1xx_hal_dma.c 0x00000000   Number         0  stm32f1xx_hal_dma.o ABSOLUTE
    ..\\Drivers\\STM32F1xx_HAL_Driver\\Src\\stm32f1xx_hal_eth.c 0x00000000   Number         0  stm32f1xx_hal_eth.o ABSOLUTE
    ..\\Drivers\\STM32F1xx_HAL_Driver\\Src\\stm32f1xx_hal_flash.c 0x00000000   Number         0  stm32f1xx_hal_flash.o ABSOLUTE
    ..\\Drivers\\STM32F1xx_HAL_Driver\\Src\\stm32f1xx_hal_flash_ex.c 0x00000000   Number         0  stm32f1xx_hal_flash_ex.o ABSOLUTE
    ..\\Drivers\\STM32F1xx_HAL_Driver\\Src\\stm32f1xx_hal_gpio.c 0x00000000   Number         0  stm32f1xx_hal_gpio.o ABSOLUTE
    ..\\Drivers\\STM32F1xx_HAL_Driver\\Src\\stm32f1xx_hal_gpio_ex.c 0x00000000   Number         0  stm32f1xx_hal_gpio_ex.o ABSOLUTE
    ..\\Drivers\\STM32F1xx_HAL_Driver\\Src\\stm32f1xx_hal_hcd.c 0x00000000   Number         0  stm32f1xx_hal_hcd.o ABSOLUTE
    ..\\Drivers\\STM32F1xx_HAL_Driver\\Src\\stm32f1xx_hal_i2c.c 0x00000000   Number         0  stm32f1xx_hal_i2c.o ABSOLUTE
    ..\\Drivers\\STM32F1xx_HAL_Driver\\Src\\stm32f1xx_hal_i2s.c 0x00000000   Number         0  stm32f1xx_hal_i2s.o ABSOLUTE
    ..\\Drivers\\STM32F1xx_HAL_Driver\\Src\\stm32f1xx_hal_irda.c 0x00000000   Number         0  stm32f1xx_hal_irda.o ABSOLUTE
    ..\\Drivers\\STM32F1xx_HAL_Driver\\Src\\stm32f1xx_hal_iwdg.c 0x00000000   Number         0  stm32f1xx_hal_iwdg.o ABSOLUTE
    ..\\Drivers\\STM32F1xx_HAL_Driver\\Src\\stm32f1xx_hal_mmc.c 0x00000000   Number         0  stm32f1xx_hal_mmc.o ABSOLUTE
    ..\\Drivers\\STM32F1xx_HAL_Driver\\Src\\stm32f1xx_hal_nand.c 0x00000000   Number         0  stm32f1xx_hal_nand.o ABSOLUTE
    ..\\Drivers\\STM32F1xx_HAL_Driver\\Src\\stm32f1xx_hal_nor.c 0x00000000   Number         0  stm32f1xx_hal_nor.o ABSOLUTE
    ..\\Drivers\\STM32F1xx_HAL_Driver\\Src\\stm32f1xx_hal_pccard.c 0x00000000   Number         0  stm32f1xx_hal_pccard.o ABSOLUTE
    ..\\Drivers\\STM32F1xx_HAL_Driver\\Src\\stm32f1xx_hal_pcd.c 0x00000000   Number         0  stm32f1xx_hal_pcd.o ABSOLUTE
    ..\\Drivers\\STM32F1xx_HAL_Driver\\Src\\stm32f1xx_hal_pcd_ex.c 0x00000000   Number         0  stm32f1xx_hal_pcd_ex.o ABSOLUTE
    ..\\Drivers\\STM32F1xx_HAL_Driver\\Src\\stm32f1xx_hal_pwr.c 0x00000000   Number         0  stm32f1xx_hal_pwr.o ABSOLUTE
    ..\\Drivers\\STM32F1xx_HAL_Driver\\Src\\stm32f1xx_hal_rcc.c 0x00000000   Number         0  stm32f1xx_hal_rcc.o ABSOLUTE
    ..\\Drivers\\STM32F1xx_HAL_Driver\\Src\\stm32f1xx_hal_rcc_ex.c 0x00000000   Number         0  stm32f1xx_hal_rcc_ex.o ABSOLUTE
    ..\\Drivers\\STM32F1xx_HAL_Driver\\Src\\stm32f1xx_hal_rtc.c 0x00000000   Number         0  stm32f1xx_hal_rtc.o ABSOLUTE
    ..\\Drivers\\STM32F1xx_HAL_Driver\\Src\\stm32f1xx_hal_rtc_ex.c 0x00000000   Number         0  stm32f1xx_hal_rtc_ex.o ABSOLUTE
    ..\\Drivers\\STM32F1xx_HAL_Driver\\Src\\stm32f1xx_hal_sd.c 0x00000000   Number         0  stm32f1xx_hal_sd.o ABSOLUTE
    ..\\Drivers\\STM32F1xx_HAL_Driver\\Src\\stm32f1xx_hal_smartcard.c 0x00000000   Number         0  stm32f1xx_hal_smartcard.o ABSOLUTE
    ..\\Drivers\\STM32F1xx_HAL_Driver\\Src\\stm32f1xx_hal_spi.c 0x00000000   Number         0  stm32f1xx_hal_spi.o ABSOLUTE
    ..\\Drivers\\STM32F1xx_HAL_Driver\\Src\\stm32f1xx_hal_spi_ex.c 0x00000000   Number         0  stm32f1xx_hal_spi_ex.o ABSOLUTE
    ..\\Drivers\\STM32F1xx_HAL_Driver\\Src\\stm32f1xx_hal_sram.c 0x00000000   Number         0  stm32f1xx_hal_sram.o ABSOLUTE
    ..\\Drivers\\STM32F1xx_HAL_Driver\\Src\\stm32f1xx_hal_tim.c 0x00000000   Number         0  stm32f1xx_hal_tim.o ABSOLUTE
    ..\\Drivers\\STM32F1xx_HAL_Driver\\Src\\stm32f1xx_hal_tim_ex.c 0x00000000   Number         0  stm32f1xx_hal_tim_ex.o ABSOLUTE
    ..\\Drivers\\STM32F1xx_HAL_Driver\\Src\\stm32f1xx_hal_uart.c 0x00000000   Number         0  stm32f1xx_hal_uart.o ABSOLUTE
    ..\\Drivers\\STM32F1xx_HAL_Driver\\Src\\stm32f1xx_hal_usart.c 0x00000000   Number         0  stm32f1xx_hal_usart.o ABSOLUTE
    ..\\Drivers\\STM32F1xx_HAL_Driver\\Src\\stm32f1xx_hal_wwdg.c 0x00000000   Number         0  stm32f1xx_hal_wwdg.o ABSOLUTE
    ..\\Drivers\\STM32F1xx_HAL_Driver\\Src\\stm32f1xx_ll_usb.c 0x00000000   Number         0  stm32f1xx_ll_usb.o ABSOLUTE
    ..\\Drivers_user\\CAN\\can.c             0x00000000   Number         0  can.o ABSOLUTE
    ..\\Drivers_user\\DAC\\dac.c             0x00000000   Number         0  dac.o ABSOLUTE
    ..\\Drivers_user\\DMA\\dma.c             0x00000000   Number         0  dma.o ABSOLUTE
    ..\\Drivers_user\\LED\\led.c             0x00000000   Number         0  led.o ABSOLUTE
    ..\\Drivers_user\\RTC\\rtc.c             0x00000000   Number         0  rtc.o ABSOLUTE
    ..\\Drivers_user\\SPI\\spi.c             0x00000000   Number         0  spi.o ABSOLUTE
    ..\\Drivers_user\\TIMER\\timer.c         0x00000000   Number         0  timer.o ABSOLUTE
    ..\\HAERDWEAR\\GPS\\GPS_U_BLOX.c         0x00000000   Number         0  gps_u_blox.o ABSOLUTE
    ..\\HAERDWEAR\\NB_counmuniction\\M720_Communication.c 0x00000000   Number         0  m720_communication.o ABSOLUTE
    ..\\SYSTEM\\delay\\delay.c               0x00000000   Number         0  delay.o ABSOLUTE
    ..\\SYSTEM\\sys\\sys.c                   0x00000000   Number         0  sys.o ABSOLUTE
    ..\\SYSTEM\\usart\\usart.c               0x00000000   Number         0  usart.o ABSOLUTE
    ..\\USER\\Src\\main.c                    0x00000000   Number         0  main.o ABSOLUTE
    ..\\USER\\Src\\stm32f1xx_hal_msp.c       0x00000000   Number         0  stm32f1xx_hal_msp.o ABSOLUTE
    ..\\USER\\Src\\stm32f1xx_it.c            0x00000000   Number         0  stm32f1xx_it.o ABSOLUTE
    cdrcmple.s                               0x00000000   Number         0  cdrcmple.o ABSOLUTE
    dc.s                                     0x00000000   Number         0  dc.o ABSOLUTE
    handlers.s                               0x00000000   Number         0  handlers.o ABSOLUTE
    init.s                                   0x00000000   Number         0  init.o ABSOLUTE
    startup_stm32f105xc.s                    0x00000000   Number         0  startup_stm32f105xc.o ABSOLUTE
    RESET                                    0x08000000   Section      336  startup_stm32f105xc.o(RESET)
    .ARM.Collect$$$$00000000                 0x08000150   Section        0  entry.o(.ARM.Collect$$$$00000000)
    .ARM.Collect$$$$00000001                 0x08000150   Section        4  entry2.o(.ARM.Collect$$$$00000001)
    .ARM.Collect$$$$00000004                 0x08000154   Section        4  entry5.o(.ARM.Collect$$$$00000004)
    .ARM.Collect$$$$00000008                 0x08000158   Section        0  entry7b.o(.ARM.Collect$$$$00000008)
    .ARM.Collect$$$$0000000A                 0x08000158   Section        0  entry8b.o(.ARM.Collect$$$$0000000A)
    .ARM.Collect$$$$0000000B                 0x08000158   Section        8  entry9a.o(.ARM.Collect$$$$0000000B)
    .ARM.Collect$$$$0000000D                 0x08000160   Section        0  entry10a.o(.ARM.Collect$$$$0000000D)
    .ARM.Collect$$$$0000000F                 0x08000160   Section        0  entry11a.o(.ARM.Collect$$$$0000000F)
    .ARM.Collect$$$$00002712                 0x08000160   Section        4  entry2.o(.ARM.Collect$$$$00002712)
    __lit__00000000                          0x08000160   Data           4  entry2.o(.ARM.Collect$$$$00002712)
    .text                                    0x08000164   Section       36  startup_stm32f105xc.o(.text)
    .text                                    0x08000188   Section        0  uldiv.o(.text)
    .text                                    0x080001ea   Section        0  llushr.o(.text)
    .text                                    0x0800020a   Section        0  memcpya.o(.text)
    .text                                    0x0800022e   Section        0  memseta.o(.text)
    .text                                    0x08000252   Section        0  llshl.o(.text)
    .text                                    0x08000270   Section       36  init.o(.text)
    .text                                    0x08000294   Section        0  __dczerorl2.o(.text)
    i.BusFault_Handler                       0x080002ea   Section        0  stm32f1xx_it.o(i.BusFault_Handler)
    i.CAN1_Mode_Init                         0x080002f0   Section        0  can.o(i.CAN1_Mode_Init)
    i.CAN1_RX0_IRQHandler                    0x080003a0   Section        0  can.o(i.CAN1_RX0_IRQHandler)
    i.CAN_Receive_IT                         0x080003b0   Section        0  stm32f1xx_hal_can.o(i.CAN_Receive_IT)
    CAN_Receive_IT                           0x080003b1   Thumb Code   450  stm32f1xx_hal_can.o(i.CAN_Receive_IT)
    i.CAN_Transmit_IT                        0x08000572   Section        0  stm32f1xx_hal_can.o(i.CAN_Transmit_IT)
    CAN_Transmit_IT                          0x08000573   Thumb Code    98  stm32f1xx_hal_can.o(i.CAN_Transmit_IT)
    i.DMA1_Channel2_IRQHandler               0x080005d4   Section        0  usart.o(i.DMA1_Channel2_IRQHandler)
    i.DMA1_Channel3_IRQHandler               0x080005e4   Section        0  usart.o(i.DMA1_Channel3_IRQHandler)
    i.DMA_SetConfig                          0x080005f4   Section        0  stm32f1xx_hal_dma.o(i.DMA_SetConfig)
    DMA_SetConfig                            0x080005f5   Thumb Code    44  stm32f1xx_hal_dma.o(i.DMA_SetConfig)
    i.DebugMon_Handler                       0x08000620   Section        0  stm32f1xx_it.o(i.DebugMon_Handler)
    i.GPS_Power_IO_Init                      0x08000624   Section        0  gps_u_blox.o(i.GPS_Power_IO_Init)
    i.GPS_Power_Off                          0x08000668   Section        0  gps_u_blox.o(i.GPS_Power_Off)
    i.GPS_Power_On                           0x0800067c   Section        0  gps_u_blox.o(i.GPS_Power_On)
    i.HAL_CAN_ConfigFilter                   0x08000690   Section        0  stm32f1xx_hal_can.o(i.HAL_CAN_ConfigFilter)
    i.HAL_CAN_ErrorCallback                  0x080007b4   Section        0  stm32f1xx_hal_can.o(i.HAL_CAN_ErrorCallback)
    i.HAL_CAN_IRQHandler                     0x080007b8   Section        0  stm32f1xx_hal_can.o(i.HAL_CAN_IRQHandler)
    i.HAL_CAN_Init                           0x08000a0c   Section        0  stm32f1xx_hal_can.o(i.HAL_CAN_Init)
    i.HAL_CAN_MspInit                        0x08000b7c   Section        0  can.o(i.HAL_CAN_MspInit)
    i.HAL_CAN_Receive_IT                     0x08000cc4   Section        0  stm32f1xx_hal_can.o(i.HAL_CAN_Receive_IT)
    i.HAL_CAN_RxCpltCallback                 0x08000dd0   Section        0  can.o(i.HAL_CAN_RxCpltCallback)
    i.HAL_CAN_TxCpltCallback                 0x08000e28   Section        0  stm32f1xx_hal_can.o(i.HAL_CAN_TxCpltCallback)
    i.HAL_DMA_Abort                          0x08000e2a   Section        0  stm32f1xx_hal_dma.o(i.HAL_DMA_Abort)
    i.HAL_DMA_Abort_IT                       0x08000e64   Section        0  stm32f1xx_hal_dma.o(i.HAL_DMA_Abort_IT)
    i.HAL_DMA_IRQHandler                     0x0800100c   Section        0  stm32f1xx_hal_dma.o(i.HAL_DMA_IRQHandler)
    i.HAL_DMA_Init                           0x080013a4   Section        0  stm32f1xx_hal_dma.o(i.HAL_DMA_Init)
    i.HAL_DMA_Start_IT                       0x08001438   Section        0  stm32f1xx_hal_dma.o(i.HAL_DMA_Start_IT)
    i.HAL_Delay                              0x080014d4   Section        0  stm32f1xx_hal.o(i.HAL_Delay)
    i.HAL_GPIO_Init                          0x080014fc   Section        0  stm32f1xx_hal_gpio.o(i.HAL_GPIO_Init)
    i.HAL_GPIO_ReadPin                       0x08001818   Section        0  stm32f1xx_hal_gpio.o(i.HAL_GPIO_ReadPin)
    i.HAL_GPIO_WritePin                      0x08001828   Section        0  stm32f1xx_hal_gpio.o(i.HAL_GPIO_WritePin)
    i.HAL_GetTick                            0x08001834   Section        0  stm32f1xx_hal.o(i.HAL_GetTick)
    i.HAL_IncTick                            0x08001840   Section        0  stm32f1xx_hal.o(i.HAL_IncTick)
    i.HAL_Init                               0x08001858   Section        0  stm32f1xx_hal.o(i.HAL_Init)
    i.HAL_InitTick                           0x08001880   Section        0  stm32f1xx_hal.o(i.HAL_InitTick)
    i.HAL_MspInit                            0x080018cc   Section        0  stm32f1xx_hal_msp.o(i.HAL_MspInit)
    i.HAL_NVIC_EnableIRQ                     0x080018ce   Section        0  stm32f1xx_hal_cortex.o(i.HAL_NVIC_EnableIRQ)
    i.HAL_NVIC_SetPriority                   0x080018ee   Section        0  stm32f1xx_hal_cortex.o(i.HAL_NVIC_SetPriority)
    i.HAL_NVIC_SetPriorityGrouping           0x0800196c   Section        0  stm32f1xx_hal_cortex.o(i.HAL_NVIC_SetPriorityGrouping)
    i.HAL_RCC_ClockConfig                    0x08001994   Section        0  stm32f1xx_hal_rcc.o(i.HAL_RCC_ClockConfig)
    i.HAL_RCC_GetHCLKFreq                    0x08001b38   Section        0  stm32f1xx_hal_rcc.o(i.HAL_RCC_GetHCLKFreq)
    i.HAL_RCC_GetPCLK1Freq                   0x08001b44   Section        0  stm32f1xx_hal_rcc.o(i.HAL_RCC_GetPCLK1Freq)
    i.HAL_RCC_GetPCLK2Freq                   0x08001b64   Section        0  stm32f1xx_hal_rcc.o(i.HAL_RCC_GetPCLK2Freq)
    i.HAL_RCC_GetSysClockFreq                0x08001b84   Section        0  stm32f1xx_hal_rcc.o(i.HAL_RCC_GetSysClockFreq)
    i.HAL_RCC_OscConfig                      0x08001cac   Section        0  stm32f1xx_hal_rcc.o(i.HAL_RCC_OscConfig)
    i.HAL_RTC_AlarmAEventCallback            0x080021f4   Section        0  rtc.o(i.HAL_RTC_AlarmAEventCallback)
    i.HAL_RTC_AlarmIRQHandler                0x0800220c   Section        0  stm32f1xx_hal_rtc.o(i.HAL_RTC_AlarmIRQHandler)
    i.HAL_SPI_Init                           0x08002244   Section        0  stm32f1xx_hal_spi_ex.o(i.HAL_SPI_Init)
    i.HAL_SPI_MspInit                        0x080022d8   Section        0  spi.o(i.HAL_SPI_MspInit)
    i.HAL_SPI_Receive                        0x080023dc   Section        0  stm32f1xx_hal_spi.o(i.HAL_SPI_Receive)
    i.HAL_SPI_TransmitReceive                0x08002626   Section        0  stm32f1xx_hal_spi.o(i.HAL_SPI_TransmitReceive)
    i.HAL_SYSTICK_CLKSourceConfig            0x0800291a   Section        0  stm32f1xx_hal_cortex.o(i.HAL_SYSTICK_CLKSourceConfig)
    i.HAL_SYSTICK_Config                     0x08002942   Section        0  stm32f1xx_hal_cortex.o(i.HAL_SYSTICK_Config)
    i.HAL_TIMEx_BreakCallback                0x08002976   Section        0  stm32f1xx_hal_tim_ex.o(i.HAL_TIMEx_BreakCallback)
    i.HAL_TIMEx_CommutationCallback          0x08002978   Section        0  stm32f1xx_hal_tim_ex.o(i.HAL_TIMEx_CommutationCallback)
    i.HAL_TIM_Base_Init                      0x0800297a   Section        0  stm32f1xx_hal_tim.o(i.HAL_TIM_Base_Init)
    i.HAL_TIM_Base_MspInit                   0x080029b0   Section        0  timer.o(i.HAL_TIM_Base_MspInit)
    i.HAL_TIM_Base_Start_IT                  0x08002a2c   Section        0  stm32f1xx_hal_tim.o(i.HAL_TIM_Base_Start_IT)
    i.HAL_TIM_IC_CaptureCallback             0x08002a4c   Section        0  timer.o(i.HAL_TIM_IC_CaptureCallback)
    i.HAL_TIM_IRQHandler                     0x08002b30   Section        0  stm32f1xx_hal_tim.o(i.HAL_TIM_IRQHandler)
    i.HAL_TIM_OC_DelayElapsedCallback        0x08002cc6   Section        0  stm32f1xx_hal_tim.o(i.HAL_TIM_OC_DelayElapsedCallback)
    i.HAL_TIM_PWM_PulseFinishedCallback      0x08002cc8   Section        0  stm32f1xx_hal_tim.o(i.HAL_TIM_PWM_PulseFinishedCallback)
    i.HAL_TIM_PeriodElapsedCallback          0x08002ccc   Section        0  timer.o(i.HAL_TIM_PeriodElapsedCallback)
    i.HAL_TIM_ReadCapturedValue              0x08002d58   Section        0  stm32f1xx_hal_tim.o(i.HAL_TIM_ReadCapturedValue)
    i.HAL_TIM_TriggerCallback                0x08002dac   Section        0  stm32f1xx_hal_tim.o(i.HAL_TIM_TriggerCallback)
    i.HAL_UART_DMAStop                       0x08002dae   Section        0  stm32f1xx_hal_uart.o(i.HAL_UART_DMAStop)
    i.HAL_UART_ErrorCallback                 0x08002e14   Section        0  usart.o(i.HAL_UART_ErrorCallback)
    i.HAL_UART_GetState                      0x08002e84   Section        0  stm32f1xx_hal_uart.o(i.HAL_UART_GetState)
    i.HAL_UART_IRQHandler                    0x08002e98   Section        0  stm32f1xx_hal_uart.o(i.HAL_UART_IRQHandler)
    i.HAL_UART_Init                          0x08002fe4   Section        0  stm32f1xx_hal_uart.o(i.HAL_UART_Init)
    i.HAL_UART_MspInit                       0x08003058   Section        0  usart.o(i.HAL_UART_MspInit)
    i.HAL_UART_Receive_DMA                   0x080032f0   Section        0  stm32f1xx_hal_uart.o(i.HAL_UART_Receive_DMA)
    i.HAL_UART_Receive_IT                    0x080033b4   Section        0  stm32f1xx_hal_uart.o(i.HAL_UART_Receive_IT)
    i.HAL_UART_RxCpltCallback                0x08003424   Section        0  usart.o(i.HAL_UART_RxCpltCallback)
    i.HAL_UART_RxHalfCpltCallback            0x08003560   Section        0  stm32f1xx_hal_uart.o(i.HAL_UART_RxHalfCpltCallback)
    i.HAL_UART_Transmit                      0x08003562   Section        0  stm32f1xx_hal_uart.o(i.HAL_UART_Transmit)
    i.HAL_UART_Transmit_DMA                  0x08003638   Section        0  stm32f1xx_hal_uart.o(i.HAL_UART_Transmit_DMA)
    i.HAL_UART_TxCpltCallback                0x080036d4   Section        0  stm32f1xx_hal_uart.o(i.HAL_UART_TxCpltCallback)
    i.HAL_UART_TxHalfCpltCallback            0x080036d6   Section        0  stm32f1xx_hal_uart.o(i.HAL_UART_TxHalfCpltCallback)
    i.HardFault_Handler                      0x080036d8   Section        0  stm32f1xx_it.o(i.HardFault_Handler)
    i.LED_Init                               0x080036dc   Section        0  led.o(i.LED_Init)
    i.MemManage_Handler                      0x08003734   Section        0  stm32f1xx_it.o(i.MemManage_Handler)
    i.NMI_Handler                            0x08003738   Section        0  stm32f1xx_it.o(i.NMI_Handler)
    i.PendSV_Handler                         0x0800373a   Section        0  stm32f1xx_it.o(i.PendSV_Handler)
    i.RCC_Delay                              0x0800373c   Section        0  stm32f1xx_hal_rcc.o(i.RCC_Delay)
    RCC_Delay                                0x0800373d   Thumb Code    36  stm32f1xx_hal_rcc.o(i.RCC_Delay)
    i.RTC_Alarm_IRQHandler                   0x08003764   Section        0  rtc.o(i.RTC_Alarm_IRQHandler)
    i.SPI1_Init                              0x08003774   Section        0  spi.o(i.SPI1_Init)
    i.SPI1_ReadWriteByte                     0x080037c8   Section        0  spi.o(i.SPI1_ReadWriteByte)
    i.SPI_CheckFlag_BSY                      0x080037e8   Section        0  stm32f1xx_hal_spi.o(i.SPI_CheckFlag_BSY)
    SPI_CheckFlag_BSY                        0x080037e9   Thumb Code    40  stm32f1xx_hal_spi.o(i.SPI_CheckFlag_BSY)
    i.SPI_ISCRCErrorValid                    0x08003810   Section        0  stm32f1xx_hal_spi_ex.o(i.SPI_ISCRCErrorValid)
    i.SPI_WaitFlagStateUntilTimeout          0x08003816   Section        0  stm32f1xx_hal_spi.o(i.SPI_WaitFlagStateUntilTimeout)
    SPI_WaitFlagStateUntilTimeout            0x08003817   Thumb Code   170  stm32f1xx_hal_spi.o(i.SPI_WaitFlagStateUntilTimeout)
    i.SVC_Handler                            0x080038c0   Section        0  stm32f1xx_it.o(i.SVC_Handler)
    i.Stm32_Clock_Init                       0x080038c2   Section        0  sys.o(i.Stm32_Clock_Init)
    i.SysTick_Handler                        0x08003932   Section        0  stm32f1xx_it.o(i.SysTick_Handler)
    i.SystemInit                             0x0800393c   Section        0  system_stm32f1xx_1.o(i.SystemInit)
    i.TIM3_IRQHandler                        0x080039a0   Section        0  timer.o(i.TIM3_IRQHandler)
    i.TIM3_Init                              0x080039b0   Section        0  timer.o(i.TIM3_Init)
    i.TIM4_IRQHandler                        0x080039dc   Section        0  timer.o(i.TIM4_IRQHandler)
    i.TIM5_IRQHandler                        0x080039ec   Section        0  timer.o(i.TIM5_IRQHandler)
    i.TIM_Base_SetConfig                     0x080039fc   Section        0  stm32f1xx_hal_tim.o(i.TIM_Base_SetConfig)
    i.UART_DMAAbortOnError                   0x08003a80   Section        0  stm32f1xx_hal_uart.o(i.UART_DMAAbortOnError)
    UART_DMAAbortOnError                     0x08003a81   Thumb Code    20  stm32f1xx_hal_uart.o(i.UART_DMAAbortOnError)
    i.UART_DMAError                          0x08003a94   Section        0  stm32f1xx_hal_uart.o(i.UART_DMAError)
    UART_DMAError                            0x08003a95   Thumb Code    80  stm32f1xx_hal_uart.o(i.UART_DMAError)
    i.UART_DMAReceiveCplt                    0x08003ae4   Section        0  stm32f1xx_hal_uart.o(i.UART_DMAReceiveCplt)
    UART_DMAReceiveCplt                      0x08003ae5   Thumb Code    70  stm32f1xx_hal_uart.o(i.UART_DMAReceiveCplt)
    i.UART_DMARxHalfCplt                     0x08003b2a   Section        0  stm32f1xx_hal_uart.o(i.UART_DMARxHalfCplt)
    UART_DMARxHalfCplt                       0x08003b2b   Thumb Code    14  stm32f1xx_hal_uart.o(i.UART_DMARxHalfCplt)
    i.UART_DMATransmitCplt                   0x08003b38   Section        0  stm32f1xx_hal_uart.o(i.UART_DMATransmitCplt)
    UART_DMATransmitCplt                     0x08003b39   Thumb Code    54  stm32f1xx_hal_uart.o(i.UART_DMATransmitCplt)
    i.UART_DMATxHalfCplt                     0x08003b6e   Section        0  stm32f1xx_hal_uart.o(i.UART_DMATxHalfCplt)
    UART_DMATxHalfCplt                       0x08003b6f   Thumb Code    14  stm32f1xx_hal_uart.o(i.UART_DMATxHalfCplt)
    i.UART_EndRxTransfer                     0x08003b7c   Section        0  stm32f1xx_hal_uart.o(i.UART_EndRxTransfer)
    UART_EndRxTransfer                       0x08003b7d   Thumb Code    32  stm32f1xx_hal_uart.o(i.UART_EndRxTransfer)
    i.UART_EndTransmit_IT                    0x08003b9c   Section        0  stm32f1xx_hal_uart.o(i.UART_EndTransmit_IT)
    UART_EndTransmit_IT                      0x08003b9d   Thumb Code    32  stm32f1xx_hal_uart.o(i.UART_EndTransmit_IT)
    i.UART_EndTxTransfer                     0x08003bbc   Section        0  stm32f1xx_hal_uart.o(i.UART_EndTxTransfer)
    UART_EndTxTransfer                       0x08003bbd   Thumb Code    20  stm32f1xx_hal_uart.o(i.UART_EndTxTransfer)
    i.UART_Receive_IT                        0x08003bd0   Section        0  stm32f1xx_hal_uart.o(i.UART_Receive_IT)
    UART_Receive_IT                          0x08003bd1   Thumb Code   166  stm32f1xx_hal_uart.o(i.UART_Receive_IT)
    i.UART_Send_messag                       0x08003c76   Section        0  usart.o(i.UART_Send_messag)
    i.UART_SetConfig                         0x08003ca0   Section        0  stm32f1xx_hal_uart.o(i.UART_SetConfig)
    UART_SetConfig                           0x08003ca1   Thumb Code   450  stm32f1xx_hal_uart.o(i.UART_SetConfig)
    i.UART_Transmit_IT                       0x08003e68   Section        0  stm32f1xx_hal_uart.o(i.UART_Transmit_IT)
    UART_Transmit_IT                         0x08003e69   Thumb Code   104  stm32f1xx_hal_uart.o(i.UART_Transmit_IT)
    i.UART_WaitOnFlagUntilTimeout            0x08003ed0   Section        0  stm32f1xx_hal_uart.o(i.UART_WaitOnFlagUntilTimeout)
    UART_WaitOnFlagUntilTimeout              0x08003ed1   Thumb Code   108  stm32f1xx_hal_uart.o(i.UART_WaitOnFlagUntilTimeout)
    i.USART1_IRQHandler                      0x08003f3c   Section        0  usart.o(i.USART1_IRQHandler)
    i.USART2_IRQHandler                      0x08003f8c   Section        0  usart.o(i.USART2_IRQHandler)
    i.USART3_IRQHandler                      0x08003fdc   Section        0  usart.o(i.USART3_IRQHandler)
    i.Uart_Init                              0x08003ff4   Section        0  usart.o(i.Uart_Init)
    i.UsageFault_Handler                     0x080040ac   Section        0  stm32f1xx_it.o(i.UsageFault_Handler)
    i.UsartReceive_IDLE                      0x080040b0   Section        0  usart.o(i.UsartReceive_IDLE)
    i.__0printf$bare                         0x08004134   Section        0  printfb.o(i.__0printf$bare)
    i.__NVIC_GetPriorityGrouping             0x08004144   Section        0  stm32f1xx_hal_cortex.o(i.__NVIC_GetPriorityGrouping)
    __NVIC_GetPriorityGrouping               0x08004145   Thumb Code    10  stm32f1xx_hal_cortex.o(i.__NVIC_GetPriorityGrouping)
    i.__NVIC_SetPriority                     0x08004154   Section        0  stm32f1xx_hal_cortex.o(i.__NVIC_SetPriority)
    __NVIC_SetPriority                       0x08004155   Thumb Code    32  stm32f1xx_hal_cortex.o(i.__NVIC_SetPriority)
    i.__scatterload_copy                     0x0800417c   Section       14  handlers.o(i.__scatterload_copy)
    i.__scatterload_null                     0x0800418a   Section        2  handlers.o(i.__scatterload_null)
    i.__scatterload_zeroinit                 0x0800418c   Section       14  handlers.o(i.__scatterload_zeroinit)
    i._printf_core                           0x0800419a   Section        0  printfb.o(i._printf_core)
    _printf_core                             0x0800419b   Thumb Code    34  printfb.o(i._printf_core)
    i.delay_init                             0x080041bc   Section        0  delay.o(i.delay_init)
    i.fputc                                  0x080041d0   Section        0  usart.o(i.fputc)
    i.main                                   0x080041ec   Section        0  main.o(i.main)
    .constdata                               0x08004394   Section       24  system_stm32f1xx_1.o(.constdata)
    .data                                    0x20000000   Section        4  system_stm32f1xx_1.o(.data)
    .data                                    0x20000004   Section      428  main.o(.data)
    .data                                    0x200001b0   Section        4  delay.o(.data)
    fac_us                                   0x200001b0   Data           4  delay.o(.data)
    .data                                    0x200001b4   Section       12  usart.o(.data)
    .data                                    0x200001c0   Section        8  timer.o(.data)
    .data                                    0x200001c8   Section        9  stm32f1xx_hal.o(.data)
    .data                                    0x200001d1   Section        1  stm32f1xx_hal_spi_ex.o(.data)
    .bss                                     0x200001d4   Section       60  main.o(.bss)
    .bss                                     0x20000210   Section      606  usart.o(.bss)
    .bss                                     0x20000470   Section      264  can.o(.bss)
    .bss                                     0x20000578   Section       20  rtc.o(.bss)
    .bss                                     0x2000058c   Section      224  spi.o(.bss)
    .bss                                     0x2000066c   Section      220  timer.o(.bss)
    STACK                                    0x20000748   Section     2048  startup_stm32f105xc.o(STACK)

    Global Symbols

    Symbol Name                              Value     Ov Type        Size  Object(Section)

    BuildAttributes$$THM_ISAv4$P$D$K$B$S$PE$A:L22UL41UL21$X:L11$S22US41US21$IEEE1$IW$USESV6$~STKCKD$USESV7$~SHL$OSPACE$ROPI$EBA8$MICROLIB$REQ8$PRES8$EABIv2 0x00000000   Number         0  anon$$obj.o ABSOLUTE
    __ARM_use_no_argv                        0x00000000   Number         0  main.o ABSOLUTE
    __use_no_errno                           0x00000000   Number         0  useno.o ABSOLUTE
    __use_no_exception_handling              0x00000000   Number         0  useno.o ABSOLUTE
    __use_no_fp                              0x00000000   Number         0  useno.o ABSOLUTE
    __use_no_heap                            0x00000000   Number         0  useno.o ABSOLUTE
    __use_no_heap_region                     0x00000000   Number         0  useno.o ABSOLUTE
    __use_no_semihosting                     0x00000000   Number         0  useno.o ABSOLUTE
    __use_no_semihosting_swi                 0x00000000   Number         0  useno.o ABSOLUTE
    __use_no_signal_handling                 0x00000000   Number         0  useno.o ABSOLUTE
    __cpp_initialize__aeabi_                  - Undefined Weak Reference
    __cxa_finalize                            - Undefined Weak Reference
    _clock_init                               - Undefined Weak Reference
    _microlib_exit                            - Undefined Weak Reference
    __Vectors_Size                           0x00000150   Number         0  startup_stm32f105xc.o ABSOLUTE
    __Vectors                                0x08000000   Data           4  startup_stm32f105xc.o(RESET)
    __Vectors_End                            0x08000150   Data           0  startup_stm32f105xc.o(RESET)
    __main                                   0x08000151   Thumb Code     0  entry.o(.ARM.Collect$$$$00000000)
    _main_stk                                0x08000151   Thumb Code     0  entry2.o(.ARM.Collect$$$$00000001)
    _main_scatterload                        0x08000155   Thumb Code     0  entry5.o(.ARM.Collect$$$$00000004)
    __main_after_scatterload                 0x08000159   Thumb Code     0  entry5.o(.ARM.Collect$$$$00000004)
    _main_clock                              0x08000159   Thumb Code     0  entry7b.o(.ARM.Collect$$$$00000008)
    _main_cpp_init                           0x08000159   Thumb Code     0  entry8b.o(.ARM.Collect$$$$0000000A)
    _main_init                               0x08000159   Thumb Code     0  entry9a.o(.ARM.Collect$$$$0000000B)
    __rt_final_cpp                           0x08000161   Thumb Code     0  entry10a.o(.ARM.Collect$$$$0000000D)
    __rt_final_exit                          0x08000161   Thumb Code     0  entry11a.o(.ARM.Collect$$$$0000000F)
    Reset_Handler                            0x08000165   Thumb Code     8  startup_stm32f105xc.o(.text)
    ADC1_2_IRQHandler                        0x0800017f   Thumb Code     0  startup_stm32f105xc.o(.text)
    CAN1_RX1_IRQHandler                      0x0800017f   Thumb Code     0  startup_stm32f105xc.o(.text)
    CAN1_SCE_IRQHandler                      0x0800017f   Thumb Code     0  startup_stm32f105xc.o(.text)
    CAN1_TX_IRQHandler                       0x0800017f   Thumb Code     0  startup_stm32f105xc.o(.text)
    CAN2_RX0_IRQHandler                      0x0800017f   Thumb Code     0  startup_stm32f105xc.o(.text)
    CAN2_RX1_IRQHandler                      0x0800017f   Thumb Code     0  startup_stm32f105xc.o(.text)
    CAN2_SCE_IRQHandler                      0x0800017f   Thumb Code     0  startup_stm32f105xc.o(.text)
    CAN2_TX_IRQHandler                       0x0800017f   Thumb Code     0  startup_stm32f105xc.o(.text)
    DMA1_Channel1_IRQHandler                 0x0800017f   Thumb Code     0  startup_stm32f105xc.o(.text)
    DMA1_Channel4_IRQHandler                 0x0800017f   Thumb Code     0  startup_stm32f105xc.o(.text)
    DMA1_Channel5_IRQHandler                 0x0800017f   Thumb Code     0  startup_stm32f105xc.o(.text)
    DMA1_Channel6_IRQHandler                 0x0800017f   Thumb Code     0  startup_stm32f105xc.o(.text)
    DMA1_Channel7_IRQHandler                 0x0800017f   Thumb Code     0  startup_stm32f105xc.o(.text)
    DMA2_Channel1_IRQHandler                 0x0800017f   Thumb Code     0  startup_stm32f105xc.o(.text)
    DMA2_Channel2_IRQHandler                 0x0800017f   Thumb Code     0  startup_stm32f105xc.o(.text)
    DMA2_Channel3_IRQHandler                 0x0800017f   Thumb Code     0  startup_stm32f105xc.o(.text)
    DMA2_Channel4_IRQHandler                 0x0800017f   Thumb Code     0  startup_stm32f105xc.o(.text)
    DMA2_Channel5_IRQHandler                 0x0800017f   Thumb Code     0  startup_stm32f105xc.o(.text)
    EXTI0_IRQHandler                         0x0800017f   Thumb Code     0  startup_stm32f105xc.o(.text)
    EXTI15_10_IRQHandler                     0x0800017f   Thumb Code     0  startup_stm32f105xc.o(.text)
    EXTI1_IRQHandler                         0x0800017f   Thumb Code     0  startup_stm32f105xc.o(.text)
    EXTI2_IRQHandler                         0x0800017f   Thumb Code     0  startup_stm32f105xc.o(.text)
    EXTI3_IRQHandler                         0x0800017f   Thumb Code     0  startup_stm32f105xc.o(.text)
    EXTI4_IRQHandler                         0x0800017f   Thumb Code     0  startup_stm32f105xc.o(.text)
    EXTI9_5_IRQHandler                       0x0800017f   Thumb Code     0  startup_stm32f105xc.o(.text)
    FLASH_IRQHandler                         0x0800017f   Thumb Code     0  startup_stm32f105xc.o(.text)
    I2C1_ER_IRQHandler                       0x0800017f   Thumb Code     0  startup_stm32f105xc.o(.text)
    I2C1_EV_IRQHandler                       0x0800017f   Thumb Code     0  startup_stm32f105xc.o(.text)
    I2C2_ER_IRQHandler                       0x0800017f   Thumb Code     0  startup_stm32f105xc.o(.text)
    I2C2_EV_IRQHandler                       0x0800017f   Thumb Code     0  startup_stm32f105xc.o(.text)
    OTG_FS_IRQHandler                        0x0800017f   Thumb Code     0  startup_stm32f105xc.o(.text)
    OTG_FS_WKUP_IRQHandler                   0x0800017f   Thumb Code     0  startup_stm32f105xc.o(.text)
    PVD_IRQHandler                           0x0800017f   Thumb Code     0  startup_stm32f105xc.o(.text)
    RCC_IRQHandler                           0x0800017f   Thumb Code     0  startup_stm32f105xc.o(.text)
    RTC_IRQHandler                           0x0800017f   Thumb Code     0  startup_stm32f105xc.o(.text)
    SPI1_IRQHandler                          0x0800017f   Thumb Code     0  startup_stm32f105xc.o(.text)
    SPI2_IRQHandler                          0x0800017f   Thumb Code     0  startup_stm32f105xc.o(.text)
    SPI3_IRQHandler                          0x0800017f   Thumb Code     0  startup_stm32f105xc.o(.text)
    TAMPER_IRQHandler                        0x0800017f   Thumb Code     0  startup_stm32f105xc.o(.text)
    TIM1_BRK_IRQHandler                      0x0800017f   Thumb Code     0  startup_stm32f105xc.o(.text)
    TIM1_CC_IRQHandler                       0x0800017f   Thumb Code     0  startup_stm32f105xc.o(.text)
    TIM1_TRG_COM_IRQHandler                  0x0800017f   Thumb Code     0  startup_stm32f105xc.o(.text)
    TIM1_UP_IRQHandler                       0x0800017f   Thumb Code     0  startup_stm32f105xc.o(.text)
    TIM2_IRQHandler                          0x0800017f   Thumb Code     0  startup_stm32f105xc.o(.text)
    TIM6_IRQHandler                          0x0800017f   Thumb Code     0  startup_stm32f105xc.o(.text)
    TIM7_IRQHandler                          0x0800017f   Thumb Code     0  startup_stm32f105xc.o(.text)
    UART4_IRQHandler                         0x0800017f   Thumb Code     0  startup_stm32f105xc.o(.text)
    UART5_IRQHandler                         0x0800017f   Thumb Code     0  startup_stm32f105xc.o(.text)
    WWDG_IRQHandler                          0x0800017f   Thumb Code     0  startup_stm32f105xc.o(.text)
    __aeabi_uldivmod                         0x08000189   Thumb Code    98  uldiv.o(.text)
    __aeabi_llsr                             0x080001eb   Thumb Code    32  llushr.o(.text)
    _ll_ushift_r                             0x080001eb   Thumb Code     0  llushr.o(.text)
    __aeabi_memcpy                           0x0800020b   Thumb Code    36  memcpya.o(.text)
    __aeabi_memcpy4                          0x0800020b   Thumb Code     0  memcpya.o(.text)
    __aeabi_memcpy8                          0x0800020b   Thumb Code     0  memcpya.o(.text)
    __aeabi_memset                           0x0800022f   Thumb Code    14  memseta.o(.text)
    __aeabi_memset4                          0x0800022f   Thumb Code     0  memseta.o(.text)
    __aeabi_memset8                          0x0800022f   Thumb Code     0  memseta.o(.text)
    __aeabi_memclr                           0x0800023d   Thumb Code     4  memseta.o(.text)
    __aeabi_memclr4                          0x0800023d   Thumb Code     0  memseta.o(.text)
    __aeabi_memclr8                          0x0800023d   Thumb Code     0  memseta.o(.text)
    _memset$wrapper                          0x08000241   Thumb Code    18  memseta.o(.text)
    __aeabi_llsl                             0x08000253   Thumb Code    30  llshl.o(.text)
    _ll_shift_l                              0x08000253   Thumb Code     0  llshl.o(.text)
    __scatterload                            0x08000271   Thumb Code    28  init.o(.text)
    __scatterload_rt2                        0x08000271   Thumb Code     0  init.o(.text)
    __decompress                             0x08000295   Thumb Code     0  __dczerorl2.o(.text)
    __decompress1                            0x08000295   Thumb Code    86  __dczerorl2.o(.text)
    BusFault_Handler                         0x080002eb   Thumb Code     4  stm32f1xx_it.o(i.BusFault_Handler)
    CAN1_Mode_Init                           0x080002f1   Thumb Code   148  can.o(i.CAN1_Mode_Init)
    CAN1_RX0_IRQHandler                      0x080003a1   Thumb Code    10  can.o(i.CAN1_RX0_IRQHandler)
    DMA1_Channel2_IRQHandler                 0x080005d5   Thumb Code    10  usart.o(i.DMA1_Channel2_IRQHandler)
    DMA1_Channel3_IRQHandler                 0x080005e5   Thumb Code    10  usart.o(i.DMA1_Channel3_IRQHandler)
    DebugMon_Handler                         0x08000621   Thumb Code     2  stm32f1xx_it.o(i.DebugMon_Handler)
    GPS_Power_IO_Init                        0x08000625   Thumb Code    60  gps_u_blox.o(i.GPS_Power_IO_Init)
    GPS_Power_Off                            0x08000669   Thumb Code    14  gps_u_blox.o(i.GPS_Power_Off)
    GPS_Power_On                             0x0800067d   Thumb Code    14  gps_u_blox.o(i.GPS_Power_On)
    HAL_CAN_ConfigFilter                     0x08000691   Thumb Code   292  stm32f1xx_hal_can.o(i.HAL_CAN_ConfigFilter)
    HAL_CAN_ErrorCallback                    0x080007b5   Thumb Code     2  stm32f1xx_hal_can.o(i.HAL_CAN_ErrorCallback)
    HAL_CAN_IRQHandler                       0x080007b9   Thumb Code   580  stm32f1xx_hal_can.o(i.HAL_CAN_IRQHandler)
    HAL_CAN_Init                             0x08000a0d   Thumb Code   366  stm32f1xx_hal_can.o(i.HAL_CAN_Init)
    HAL_CAN_MspInit                          0x08000b7d   Thumb Code   298  can.o(i.HAL_CAN_MspInit)
    HAL_CAN_Receive_IT                       0x08000cc5   Thumb Code   268  stm32f1xx_hal_can.o(i.HAL_CAN_Receive_IT)
    HAL_CAN_RxCpltCallback                   0x08000dd1   Thumb Code    72  can.o(i.HAL_CAN_RxCpltCallback)
    HAL_CAN_TxCpltCallback                   0x08000e29   Thumb Code     2  stm32f1xx_hal_can.o(i.HAL_CAN_TxCpltCallback)
    HAL_DMA_Abort                            0x08000e2b   Thumb Code    58  stm32f1xx_hal_dma.o(i.HAL_DMA_Abort)
    HAL_DMA_Abort_IT                         0x08000e65   Thumb Code   414  stm32f1xx_hal_dma.o(i.HAL_DMA_Abort_IT)
    HAL_DMA_IRQHandler                       0x0800100d   Thumb Code   910  stm32f1xx_hal_dma.o(i.HAL_DMA_IRQHandler)
    HAL_DMA_Init                             0x080013a5   Thumb Code   140  stm32f1xx_hal_dma.o(i.HAL_DMA_Init)
    HAL_DMA_Start_IT                         0x08001439   Thumb Code   156  stm32f1xx_hal_dma.o(i.HAL_DMA_Start_IT)
    HAL_Delay                                0x080014d5   Thumb Code    36  stm32f1xx_hal.o(i.HAL_Delay)
    HAL_GPIO_Init                            0x080014fd   Thumb Code   764  stm32f1xx_hal_gpio.o(i.HAL_GPIO_Init)
    HAL_GPIO_ReadPin                         0x08001819   Thumb Code    16  stm32f1xx_hal_gpio.o(i.HAL_GPIO_ReadPin)
    HAL_GPIO_WritePin                        0x08001829   Thumb Code    12  stm32f1xx_hal_gpio.o(i.HAL_GPIO_WritePin)
    HAL_GetTick                              0x08001835   Thumb Code     6  stm32f1xx_hal.o(i.HAL_GetTick)
    HAL_IncTick                              0x08001841   Thumb Code    16  stm32f1xx_hal.o(i.HAL_IncTick)
    HAL_Init                                 0x08001859   Thumb Code    34  stm32f1xx_hal.o(i.HAL_Init)
    HAL_InitTick                             0x08001881   Thumb Code    64  stm32f1xx_hal.o(i.HAL_InitTick)
    HAL_MspInit                              0x080018cd   Thumb Code     2  stm32f1xx_hal_msp.o(i.HAL_MspInit)
    HAL_NVIC_EnableIRQ                       0x080018cf   Thumb Code    32  stm32f1xx_hal_cortex.o(i.HAL_NVIC_EnableIRQ)
    HAL_NVIC_SetPriority                     0x080018ef   Thumb Code   124  stm32f1xx_hal_cortex.o(i.HAL_NVIC_SetPriority)
    HAL_NVIC_SetPriorityGrouping             0x0800196d   Thumb Code    32  stm32f1xx_hal_cortex.o(i.HAL_NVIC_SetPriorityGrouping)
    HAL_RCC_ClockConfig                      0x08001995   Thumb Code   402  stm32f1xx_hal_rcc.o(i.HAL_RCC_ClockConfig)
    HAL_RCC_GetHCLKFreq                      0x08001b39   Thumb Code     6  stm32f1xx_hal_rcc.o(i.HAL_RCC_GetHCLKFreq)
    HAL_RCC_GetPCLK1Freq                     0x08001b45   Thumb Code    22  stm32f1xx_hal_rcc.o(i.HAL_RCC_GetPCLK1Freq)
    HAL_RCC_GetPCLK2Freq                     0x08001b65   Thumb Code    22  stm32f1xx_hal_rcc.o(i.HAL_RCC_GetPCLK2Freq)
    HAL_RCC_GetSysClockFreq                  0x08001b85   Thumb Code   248  stm32f1xx_hal_rcc.o(i.HAL_RCC_GetSysClockFreq)
    HAL_RCC_OscConfig                        0x08001cad   Thumb Code  1342  stm32f1xx_hal_rcc.o(i.HAL_RCC_OscConfig)
    HAL_RTC_AlarmAEventCallback              0x080021f5   Thumb Code    12  rtc.o(i.HAL_RTC_AlarmAEventCallback)
    HAL_RTC_AlarmIRQHandler                  0x0800220d   Thumb Code    52  stm32f1xx_hal_rtc.o(i.HAL_RTC_AlarmIRQHandler)
    HAL_SPI_Init                             0x08002245   Thumb Code   144  stm32f1xx_hal_spi_ex.o(i.HAL_SPI_Init)
    HAL_SPI_MspInit                          0x080022d9   Thumb Code   246  spi.o(i.HAL_SPI_MspInit)
    HAL_SPI_Receive                          0x080023dd   Thumb Code   586  stm32f1xx_hal_spi.o(i.HAL_SPI_Receive)
    HAL_SPI_TransmitReceive                  0x08002627   Thumb Code   756  stm32f1xx_hal_spi.o(i.HAL_SPI_TransmitReceive)
    HAL_SYSTICK_CLKSourceConfig              0x0800291b   Thumb Code    40  stm32f1xx_hal_cortex.o(i.HAL_SYSTICK_CLKSourceConfig)
    HAL_SYSTICK_Config                       0x08002943   Thumb Code    52  stm32f1xx_hal_cortex.o(i.HAL_SYSTICK_Config)
    HAL_TIMEx_BreakCallback                  0x08002977   Thumb Code     2  stm32f1xx_hal_tim_ex.o(i.HAL_TIMEx_BreakCallback)
    HAL_TIMEx_CommutationCallback            0x08002979   Thumb Code     2  stm32f1xx_hal_tim_ex.o(i.HAL_TIMEx_CommutationCallback)
    HAL_TIM_Base_Init                        0x0800297b   Thumb Code    52  stm32f1xx_hal_tim.o(i.HAL_TIM_Base_Init)
    HAL_TIM_Base_MspInit                     0x080029b1   Thumb Code   110  timer.o(i.HAL_TIM_Base_MspInit)
    HAL_TIM_Base_Start_IT                    0x08002a2d   Thumb Code    30  stm32f1xx_hal_tim.o(i.HAL_TIM_Base_Start_IT)
    HAL_TIM_IC_CaptureCallback               0x08002a4d   Thumb Code   216  timer.o(i.HAL_TIM_IC_CaptureCallback)
    HAL_TIM_IRQHandler                       0x08002b31   Thumb Code   406  stm32f1xx_hal_tim.o(i.HAL_TIM_IRQHandler)
    HAL_TIM_OC_DelayElapsedCallback          0x08002cc7   Thumb Code     2  stm32f1xx_hal_tim.o(i.HAL_TIM_OC_DelayElapsedCallback)
    HAL_TIM_PWM_PulseFinishedCallback        0x08002cc9   Thumb Code     2  stm32f1xx_hal_tim.o(i.HAL_TIM_PWM_PulseFinishedCallback)
    HAL_TIM_PeriodElapsedCallback            0x08002ccd   Thumb Code   116  timer.o(i.HAL_TIM_PeriodElapsedCallback)
    HAL_TIM_ReadCapturedValue                0x08002d59   Thumb Code    84  stm32f1xx_hal_tim.o(i.HAL_TIM_ReadCapturedValue)
    HAL_TIM_TriggerCallback                  0x08002dad   Thumb Code     2  stm32f1xx_hal_tim.o(i.HAL_TIM_TriggerCallback)
    HAL_UART_DMAStop                         0x08002daf   Thumb Code   102  stm32f1xx_hal_uart.o(i.HAL_UART_DMAStop)
    HAL_UART_ErrorCallback                   0x08002e15   Thumb Code    98  usart.o(i.HAL_UART_ErrorCallback)
    HAL_UART_GetState                        0x08002e85   Thumb Code    20  stm32f1xx_hal_uart.o(i.HAL_UART_GetState)
    HAL_UART_IRQHandler                      0x08002e99   Thumb Code   326  stm32f1xx_hal_uart.o(i.HAL_UART_IRQHandler)
    HAL_UART_Init                            0x08002fe5   Thumb Code   114  stm32f1xx_hal_uart.o(i.HAL_UART_Init)
    HAL_UART_MspInit                         0x08003059   Thumb Code   622  usart.o(i.HAL_UART_MspInit)
    HAL_UART_Receive_DMA                     0x080032f1   Thumb Code   182  stm32f1xx_hal_uart.o(i.HAL_UART_Receive_DMA)
    HAL_UART_Receive_IT                      0x080033b5   Thumb Code   112  stm32f1xx_hal_uart.o(i.HAL_UART_Receive_IT)
    HAL_UART_RxCpltCallback                  0x08003425   Thumb Code   276  usart.o(i.HAL_UART_RxCpltCallback)
    HAL_UART_RxHalfCpltCallback              0x08003561   Thumb Code     2  stm32f1xx_hal_uart.o(i.HAL_UART_RxHalfCpltCallback)
    HAL_UART_Transmit                        0x08003563   Thumb Code   214  stm32f1xx_hal_uart.o(i.HAL_UART_Transmit)
    HAL_UART_Transmit_DMA                    0x08003639   Thumb Code   142  stm32f1xx_hal_uart.o(i.HAL_UART_Transmit_DMA)
    HAL_UART_TxCpltCallback                  0x080036d5   Thumb Code     2  stm32f1xx_hal_uart.o(i.HAL_UART_TxCpltCallback)
    HAL_UART_TxHalfCpltCallback              0x080036d7   Thumb Code     2  stm32f1xx_hal_uart.o(i.HAL_UART_TxHalfCpltCallback)
    HardFault_Handler                        0x080036d9   Thumb Code     4  stm32f1xx_it.o(i.HardFault_Handler)
    LED_Init                                 0x080036dd   Thumb Code    78  led.o(i.LED_Init)
    MemManage_Handler                        0x08003735   Thumb Code     4  stm32f1xx_it.o(i.MemManage_Handler)
    NMI_Handler                              0x08003739   Thumb Code     2  stm32f1xx_it.o(i.NMI_Handler)
    PendSV_Handler                           0x0800373b   Thumb Code     2  stm32f1xx_it.o(i.PendSV_Handler)
    RTC_Alarm_IRQHandler                     0x08003765   Thumb Code    10  rtc.o(i.RTC_Alarm_IRQHandler)
    SPI1_Init                                0x08003775   Thumb Code    76  spi.o(i.SPI1_Init)
    SPI1_ReadWriteByte                       0x080037c9   Thumb Code    28  spi.o(i.SPI1_ReadWriteByte)
    SPI_ISCRCErrorValid                      0x08003811   Thumb Code     6  stm32f1xx_hal_spi_ex.o(i.SPI_ISCRCErrorValid)
    SVC_Handler                              0x080038c1   Thumb Code     2  stm32f1xx_it.o(i.SVC_Handler)
    Stm32_Clock_Init                         0x080038c3   Thumb Code   112  sys.o(i.Stm32_Clock_Init)
    SysTick_Handler                          0x08003933   Thumb Code     8  stm32f1xx_it.o(i.SysTick_Handler)
    SystemInit                               0x0800393d   Thumb Code    84  system_stm32f1xx_1.o(i.SystemInit)
    TIM3_IRQHandler                          0x080039a1   Thumb Code    10  timer.o(i.TIM3_IRQHandler)
    TIM3_Init                                0x080039b1   Thumb Code    36  timer.o(i.TIM3_Init)
    TIM4_IRQHandler                          0x080039dd   Thumb Code    10  timer.o(i.TIM4_IRQHandler)
    TIM5_IRQHandler                          0x080039ed   Thumb Code    10  timer.o(i.TIM5_IRQHandler)
    TIM_Base_SetConfig                       0x080039fd   Thumb Code   114  stm32f1xx_hal_tim.o(i.TIM_Base_SetConfig)
    UART_Send_messag                         0x08003c77   Thumb Code    42  usart.o(i.UART_Send_messag)
    USART1_IRQHandler                        0x08003f3d   Thumb Code    66  usart.o(i.USART1_IRQHandler)
    USART2_IRQHandler                        0x08003f8d   Thumb Code    66  usart.o(i.USART2_IRQHandler)
    USART3_IRQHandler                        0x08003fdd   Thumb Code    14  usart.o(i.USART3_IRQHandler)
    Uart_Init                                0x08003ff5   Thumb Code   148  usart.o(i.Uart_Init)
    UsageFault_Handler                       0x080040ad   Thumb Code     4  stm32f1xx_it.o(i.UsageFault_Handler)
    UsartReceive_IDLE                        0x080040b1   Thumb Code   118  usart.o(i.UsartReceive_IDLE)
    __0printf$bare                           0x08004135   Thumb Code     8  printfb.o(i.__0printf$bare)
    __1printf$bare                           0x08004135   Thumb Code     0  printfb.o(i.__0printf$bare)
    __2printf                                0x08004135   Thumb Code     0  printfb.o(i.__0printf$bare)
    __scatterload_copy                       0x0800417d   Thumb Code    14  handlers.o(i.__scatterload_copy)
    __scatterload_null                       0x0800418b   Thumb Code     2  handlers.o(i.__scatterload_null)
    __scatterload_zeroinit                   0x0800418d   Thumb Code    14  handlers.o(i.__scatterload_zeroinit)
    delay_init                               0x080041bd   Thumb Code    16  delay.o(i.delay_init)
    fputc                                    0x080041d1   Thumb Code    24  usart.o(i.fputc)
    main                                     0x080041ed   Thumb Code   360  main.o(i.main)
    AHBPrescTable                            0x08004394   Data          16  system_stm32f1xx_1.o(.constdata)
    APBPrescTable                            0x080043a4   Data           8  system_stm32f1xx_1.o(.constdata)
    Region$$Table$$Base                      0x080043ac   Number         0  anon$$obj.o(Region$$Table)
    Region$$Table$$Limit                     0x080043cc   Number         0  anon$$obj.o(Region$$Table)
    SystemCoreClock                          0x20000000   Data           4  system_stm32f1xx_1.o(.data)
    CMD_AT                                   0x20000004   Data         400  main.o(.data)
    string                                   0x20000194   Data          11  main.o(.data)
    i                                        0x2000019f   Data           1  main.o(.data)
    canbuf_send                              0x200001a0   Data           8  main.o(.data)
    canbuf_recev                             0x200001a8   Data           8  main.o(.data)
    USART_RX_STA_M720                        0x200001b4   Data           2  usart.o(.data)
    USART_RX_STA_GPS                         0x200001b6   Data           2  usart.o(.data)
    USART_RX_STA_T_BOX                       0x200001b8   Data           2  usart.o(.data)
    aRxBuffer_M720                           0x200001ba   Data           1  usart.o(.data)
    aRxBuffer_T_BOX                          0x200001bb   Data           1  usart.o(.data)
    __stdout                                 0x200001bc   Data           4  usart.o(.data)
    TIM5CH1_CAPTURE_STA                      0x200001c0   Data           1  timer.o(.data)
    TIM5CH1_CAPTURE_VAL                      0x200001c4   Data           4  timer.o(.data)
    uwTick                                   0x200001c8   Data           4  stm32f1xx_hal.o(.data)
    uwTickPrio                               0x200001cc   Data           4  stm32f1xx_hal.o(.data)
    uwTickFreq                               0x200001d0   Data           1  stm32f1xx_hal.o(.data)
    uCRCErrorWorkaroundCheck                 0x200001d1   Data           1  stm32f1xx_hal_spi_ex.o(.data)
    SPI_Receive                              0x200001d4   Data          20  main.o(.bss)
    data                                     0x200001e8   Data          20  main.o(.bss)
    cmd                                      0x200001fc   Data          20  main.o(.bss)
    MCU_M720_UART1_Handler                   0x20000210   Data          64  usart.o(.bss)
    MCU_T_BOX_UART2_Handler                  0x20000250   Data          64  usart.o(.bss)
    MCU_GPS_UART3_Handler                    0x20000290   Data          64  usart.o(.bss)
    DMA_UART3_TX_Handler                     0x200002d0   Data          68  usart.o(.bss)
    DMA_UART3_RX_Handler                     0x20000314   Data          68  usart.o(.bss)
    USART_RX_BUF_M720                        0x20000358   Data          50  usart.o(.bss)
    USART_RX_BUF_GPS                         0x2000038a   Data          50  usart.o(.bss)
    USART_RX_BUF_T_BOX                       0x200003bc   Data          50  usart.o(.bss)
    aRxBuffer_GPS                            0x200003ee   Data         128  usart.o(.bss)
    CAN1_Handler                             0x20000470   Data          68  can.o(.bss)
    CAN2_Handler                             0x200004b4   Data          68  can.o(.bss)
    TxMessage1                               0x200004f8   Data          28  can.o(.bss)
    TxMessage2                               0x20000514   Data          28  can.o(.bss)
    RxMessage1                               0x20000530   Data          36  can.o(.bss)
    RxMessage2                               0x20000554   Data          36  can.o(.bss)
    RTC_Handler                              0x20000578   Data          20  rtc.o(.bss)
    SPI1_Handler                             0x2000058c   Data          88  spi.o(.bss)
    DMA_SP1_TX_Handler                       0x200005e4   Data          68  spi.o(.bss)
    DMA_SP1_RX_Handler                       0x20000628   Data          68  spi.o(.bss)
    TIM3_Handler                             0x2000066c   Data          64  timer.o(.bss)
    TIM4_Handler                             0x200006ac   Data          64  timer.o(.bss)
    TIM5_Handler                             0x200006ec   Data          64  timer.o(.bss)
    TIM3_CH4Handler                          0x2000072c   Data          28  timer.o(.bss)
    __initial_sp                             0x20000f48   Data           0  startup_stm32f105xc.o(STACK)



==============================================================================

Memory Map of the image

  Image Entry point : 0x08000151

  Load Region LR_IROM1 (Base: 0x08000000, Size: 0x000045a0, Max: 0x00020000, ABSOLUTE, COMPRESSED[0x00004410])

    Execution Region ER_IROM1 (Exec base: 0x08000000, Load base: 0x08000000, Size: 0x000043cc, Max: 0x00020000, ABSOLUTE)

    Exec Addr    Load Addr    Size         Type   Attr      Idx    E Section Name        Object

    0x08000000   0x08000000   0x00000150   Data   RO            3    RESET               startup_stm32f105xc.o
    0x08000150   0x08000150   0x00000000   Code   RO         6902  * .ARM.Collect$$$$00000000  mc_w.l(entry.o)
    0x08000150   0x08000150   0x00000004   Code   RO         7183    .ARM.Collect$$$$00000001  mc_w.l(entry2.o)
    0x08000154   0x08000154   0x00000004   Code   RO         7186    .ARM.Collect$$$$00000004  mc_w.l(entry5.o)
    0x08000158   0x08000158   0x00000000   Code   RO         7188    .ARM.Collect$$$$00000008  mc_w.l(entry7b.o)
    0x08000158   0x08000158   0x00000000   Code   RO         7190    .ARM.Collect$$$$0000000A  mc_w.l(entry8b.o)
    0x08000158   0x08000158   0x00000008   Code   RO         7191    .ARM.Collect$$$$0000000B  mc_w.l(entry9a.o)
    0x08000160   0x08000160   0x00000000   Code   RO         7193    .ARM.Collect$$$$0000000D  mc_w.l(entry10a.o)
    0x08000160   0x08000160   0x00000000   Code   RO         7195    .ARM.Collect$$$$0000000F  mc_w.l(entry11a.o)
    0x08000160   0x08000160   0x00000004   Code   RO         7184    .ARM.Collect$$$$00002712  mc_w.l(entry2.o)
    0x08000164   0x08000164   0x00000024   Code   RO            4    .text               startup_stm32f105xc.o
    0x08000188   0x08000188   0x00000062   Code   RO         6905    .text               mc_w.l(uldiv.o)
    0x080001ea   0x080001ea   0x00000020   Code   RO         6907    .text               mc_w.l(llushr.o)
    0x0800020a   0x0800020a   0x00000024   Code   RO         6909    .text               mc_w.l(memcpya.o)
    0x0800022e   0x0800022e   0x00000024   Code   RO         6911    .text               mc_w.l(memseta.o)
    0x08000252   0x08000252   0x0000001e   Code   RO         7199    .text               mc_w.l(llshl.o)
    0x08000270   0x08000270   0x00000024   Code   RO         7210    .text               mc_w.l(init.o)
    0x08000294   0x08000294   0x00000056   Code   RO         7222    .text               mc_w.l(__dczerorl2.o)
    0x080002ea   0x080002ea   0x00000004   Code   RO          316    i.BusFault_Handler  stm32f1xx_it.o
    0x080002ee   0x080002ee   0x00000002   PAD
    0x080002f0   0x080002f0   0x000000b0   Code   RO          585    i.CAN1_Mode_Init    can.o
    0x080003a0   0x080003a0   0x00000010   Code   RO          586    i.CAN1_RX0_IRQHandler  can.o
    0x080003b0   0x080003b0   0x000001c2   Code   RO         1489    i.CAN_Receive_IT    stm32f1xx_hal_can.o
    0x08000572   0x08000572   0x00000062   Code   RO         1490    i.CAN_Transmit_IT   stm32f1xx_hal_can.o
    0x080005d4   0x080005d4   0x00000010   Code   RO          457    i.DMA1_Channel2_IRQHandler  usart.o
    0x080005e4   0x080005e4   0x00000010   Code   RO          458    i.DMA1_Channel3_IRQHandler  usart.o
    0x080005f4   0x080005f4   0x0000002c   Code   RO         2029    i.DMA_SetConfig     stm32f1xx_hal_dma.o
    0x08000620   0x08000620   0x00000002   Code   RO          317    i.DebugMon_Handler  stm32f1xx_it.o
    0x08000622   0x08000622   0x00000002   PAD
    0x08000624   0x08000624   0x00000044   Code   RO         1004    i.GPS_Power_IO_Init  gps_u_blox.o
    0x08000668   0x08000668   0x00000014   Code   RO         1005    i.GPS_Power_Off     gps_u_blox.o
    0x0800067c   0x0800067c   0x00000014   Code   RO         1006    i.GPS_Power_On      gps_u_blox.o
    0x08000690   0x08000690   0x00000124   Code   RO         1491    i.HAL_CAN_ConfigFilter  stm32f1xx_hal_can.o
    0x080007b4   0x080007b4   0x00000002   Code   RO         1493    i.HAL_CAN_ErrorCallback  stm32f1xx_hal_can.o
    0x080007b6   0x080007b6   0x00000002   PAD
    0x080007b8   0x080007b8   0x00000254   Code   RO         1496    i.HAL_CAN_IRQHandler  stm32f1xx_hal_can.o
    0x08000a0c   0x08000a0c   0x0000016e   Code   RO         1497    i.HAL_CAN_Init      stm32f1xx_hal_can.o
    0x08000b7a   0x08000b7a   0x00000002   PAD
    0x08000b7c   0x08000b7c   0x00000148   Code   RO          590    i.HAL_CAN_MspInit   can.o
    0x08000cc4   0x08000cc4   0x0000010c   Code   RO         1501    i.HAL_CAN_Receive_IT  stm32f1xx_hal_can.o
    0x08000dd0   0x08000dd0   0x00000058   Code   RO          591    i.HAL_CAN_RxCpltCallback  can.o
    0x08000e28   0x08000e28   0x00000002   Code   RO         1506    i.HAL_CAN_TxCpltCallback  stm32f1xx_hal_can.o
    0x08000e2a   0x08000e2a   0x0000003a   Code   RO         2030    i.HAL_DMA_Abort     stm32f1xx_hal_dma.o
    0x08000e64   0x08000e64   0x000001a8   Code   RO         2031    i.HAL_DMA_Abort_IT  stm32f1xx_hal_dma.o
    0x0800100c   0x0800100c   0x00000398   Code   RO         2035    i.HAL_DMA_IRQHandler  stm32f1xx_hal_dma.o
    0x080013a4   0x080013a4   0x00000094   Code   RO         2036    i.HAL_DMA_Init      stm32f1xx_hal_dma.o
    0x08001438   0x08001438   0x0000009c   Code   RO         2040    i.HAL_DMA_Start_IT  stm32f1xx_hal_dma.o
    0x080014d4   0x080014d4   0x00000028   Code   RO         1061    i.HAL_Delay         stm32f1xx_hal.o
    0x080014fc   0x080014fc   0x0000031c   Code   RO         2354    i.HAL_GPIO_Init     stm32f1xx_hal_gpio.o
    0x08001818   0x08001818   0x00000010   Code   RO         2356    i.HAL_GPIO_ReadPin  stm32f1xx_hal_gpio.o
    0x08001828   0x08001828   0x0000000c   Code   RO         2358    i.HAL_GPIO_WritePin  stm32f1xx_hal_gpio.o
    0x08001834   0x08001834   0x0000000c   Code   RO         1065    i.HAL_GetTick       stm32f1xx_hal.o
    0x08001840   0x08001840   0x00000018   Code   RO         1069    i.HAL_IncTick       stm32f1xx_hal.o
    0x08001858   0x08001858   0x00000028   Code   RO         1070    i.HAL_Init          stm32f1xx_hal.o
    0x08001880   0x08001880   0x0000004c   Code   RO         1071    i.HAL_InitTick      stm32f1xx_hal.o
    0x080018cc   0x080018cc   0x00000002   Code   RO          287    i.HAL_MspInit       stm32f1xx_hal_msp.o
    0x080018ce   0x080018ce   0x00000020   Code   RO         1639    i.HAL_NVIC_EnableIRQ  stm32f1xx_hal_cortex.o
    0x080018ee   0x080018ee   0x0000007c   Code   RO         1645    i.HAL_NVIC_SetPriority  stm32f1xx_hal_cortex.o
    0x0800196a   0x0800196a   0x00000002   PAD
    0x0800196c   0x0800196c   0x00000028   Code   RO         1646    i.HAL_NVIC_SetPriorityGrouping  stm32f1xx_hal_cortex.o
    0x08001994   0x08001994   0x000001a4   Code   RO         4001    i.HAL_RCC_ClockConfig  stm32f1xx_hal_rcc.o
    0x08001b38   0x08001b38   0x0000000c   Code   RO         4006    i.HAL_RCC_GetHCLKFreq  stm32f1xx_hal_rcc.o
    0x08001b44   0x08001b44   0x00000020   Code   RO         4008    i.HAL_RCC_GetPCLK1Freq  stm32f1xx_hal_rcc.o
    0x08001b64   0x08001b64   0x00000020   Code   RO         4009    i.HAL_RCC_GetPCLK2Freq  stm32f1xx_hal_rcc.o
    0x08001b84   0x08001b84   0x00000128   Code   RO         4010    i.HAL_RCC_GetSysClockFreq  stm32f1xx_hal_rcc.o
    0x08001cac   0x08001cac   0x00000548   Code   RO         4013    i.HAL_RCC_OscConfig  stm32f1xx_hal_rcc.o
    0x080021f4   0x080021f4   0x00000018   Code   RO          715    i.HAL_RTC_AlarmAEventCallback  rtc.o
    0x0800220c   0x0800220c   0x00000038   Code   RO         4168    i.HAL_RTC_AlarmIRQHandler  stm32f1xx_hal_rtc.o
    0x08002244   0x08002244   0x00000094   Code   RO         5048    i.HAL_SPI_Init      stm32f1xx_hal_spi_ex.o
    0x080022d8   0x080022d8   0x00000104   Code   RO          798    i.HAL_SPI_MspInit   spi.o
    0x080023dc   0x080023dc   0x0000024a   Code   RO         4719    i.HAL_SPI_Receive   stm32f1xx_hal_spi.o
    0x08002626   0x08002626   0x000002f4   Code   RO         4725    i.HAL_SPI_TransmitReceive  stm32f1xx_hal_spi.o
    0x0800291a   0x0800291a   0x00000028   Code   RO         1648    i.HAL_SYSTICK_CLKSourceConfig  stm32f1xx_hal_cortex.o
    0x08002942   0x08002942   0x00000034   Code   RO         1650    i.HAL_SYSTICK_Config  stm32f1xx_hal_cortex.o
    0x08002976   0x08002976   0x00000002   Code   RO         5740    i.HAL_TIMEx_BreakCallback  stm32f1xx_hal_tim_ex.o
    0x08002978   0x08002978   0x00000002   Code   RO         5741    i.HAL_TIMEx_CommutationCallback  stm32f1xx_hal_tim_ex.o
    0x0800297a   0x0800297a   0x00000034   Code   RO         5101    i.HAL_TIM_Base_Init  stm32f1xx_hal_tim.o
    0x080029ae   0x080029ae   0x00000002   PAD
    0x080029b0   0x080029b0   0x0000007c   Code   RO          846    i.HAL_TIM_Base_MspInit  timer.o
    0x08002a2c   0x08002a2c   0x0000001e   Code   RO         5106    i.HAL_TIM_Base_Start_IT  stm32f1xx_hal_tim.o
    0x08002a4a   0x08002a4a   0x00000002   PAD
    0x08002a4c   0x08002a4c   0x000000e4   Code   RO          847    i.HAL_TIM_IC_CaptureCallback  timer.o
    0x08002b30   0x08002b30   0x00000196   Code   RO         5143    i.HAL_TIM_IRQHandler  stm32f1xx_hal_tim.o
    0x08002cc6   0x08002cc6   0x00000002   Code   RO         5146    i.HAL_TIM_OC_DelayElapsedCallback  stm32f1xx_hal_tim.o
    0x08002cc8   0x08002cc8   0x00000002   Code   RO         5173    i.HAL_TIM_PWM_PulseFinishedCallback  stm32f1xx_hal_tim.o
    0x08002cca   0x08002cca   0x00000002   PAD
    0x08002ccc   0x08002ccc   0x0000008c   Code   RO          850    i.HAL_TIM_PeriodElapsedCallback  timer.o
    0x08002d58   0x08002d58   0x00000054   Code   RO         5181    i.HAL_TIM_ReadCapturedValue  stm32f1xx_hal_tim.o
    0x08002dac   0x08002dac   0x00000002   Code   RO         5184    i.HAL_TIM_TriggerCallback  stm32f1xx_hal_tim.o
    0x08002dae   0x08002dae   0x00000066   Code   RO         5992    i.HAL_UART_DMAStop  stm32f1xx_hal_uart.o
    0x08002e14   0x08002e14   0x00000070   Code   RO          459    i.HAL_UART_ErrorCallback  usart.o
    0x08002e84   0x08002e84   0x00000014   Code   RO         5996    i.HAL_UART_GetState  stm32f1xx_hal_uart.o
    0x08002e98   0x08002e98   0x0000014c   Code   RO         5997    i.HAL_UART_IRQHandler  stm32f1xx_hal_uart.o
    0x08002fe4   0x08002fe4   0x00000072   Code   RO         5998    i.HAL_UART_Init     stm32f1xx_hal_uart.o
    0x08003056   0x08003056   0x00000002   PAD
    0x08003058   0x08003058   0x00000298   Code   RO          461    i.HAL_UART_MspInit  usart.o
    0x080032f0   0x080032f0   0x000000c4   Code   RO         6002    i.HAL_UART_Receive_DMA  stm32f1xx_hal_uart.o
    0x080033b4   0x080033b4   0x00000070   Code   RO         6003    i.HAL_UART_Receive_IT  stm32f1xx_hal_uart.o
    0x08003424   0x08003424   0x0000013c   Code   RO          462    i.HAL_UART_RxCpltCallback  usart.o
    0x08003560   0x08003560   0x00000002   Code   RO         6005    i.HAL_UART_RxHalfCpltCallback  stm32f1xx_hal_uart.o
    0x08003562   0x08003562   0x000000d6   Code   RO         6006    i.HAL_UART_Transmit  stm32f1xx_hal_uart.o
    0x08003638   0x08003638   0x0000009c   Code   RO         6007    i.HAL_UART_Transmit_DMA  stm32f1xx_hal_uart.o
    0x080036d4   0x080036d4   0x00000002   Code   RO         6009    i.HAL_UART_TxCpltCallback  stm32f1xx_hal_uart.o
    0x080036d6   0x080036d6   0x00000002   Code   RO         6010    i.HAL_UART_TxHalfCpltCallback  stm32f1xx_hal_uart.o
    0x080036d8   0x080036d8   0x00000004   Code   RO          318    i.HardFault_Handler  stm32f1xx_it.o
    0x080036dc   0x080036dc   0x00000058   Code   RO          690    i.LED_Init          led.o
    0x08003734   0x08003734   0x00000004   Code   RO          319    i.MemManage_Handler  stm32f1xx_it.o
    0x08003738   0x08003738   0x00000002   Code   RO          320    i.NMI_Handler       stm32f1xx_it.o
    0x0800373a   0x0800373a   0x00000002   Code   RO          321    i.PendSV_Handler    stm32f1xx_it.o
    0x0800373c   0x0800373c   0x00000028   Code   RO         4014    i.RCC_Delay         stm32f1xx_hal_rcc.o
    0x08003764   0x08003764   0x00000010   Code   RO          717    i.RTC_Alarm_IRQHandler  rtc.o
    0x08003774   0x08003774   0x00000054   Code   RO          799    i.SPI1_Init         spi.o
    0x080037c8   0x080037c8   0x00000020   Code   RO          800    i.SPI1_ReadWriteByte  spi.o
    0x080037e8   0x080037e8   0x00000028   Code   RO         4742    i.SPI_CheckFlag_BSY  stm32f1xx_hal_spi.o
    0x08003810   0x08003810   0x00000006   Code   RO         5049    i.SPI_ISCRCErrorValid  stm32f1xx_hal_spi_ex.o
    0x08003816   0x08003816   0x000000aa   Code   RO         4763    i.SPI_WaitFlagStateUntilTimeout  stm32f1xx_hal_spi.o
    0x080038c0   0x080038c0   0x00000002   Code   RO          322    i.SVC_Handler       stm32f1xx_it.o
    0x080038c2   0x080038c2   0x00000070   Code   RO          430    i.Stm32_Clock_Init  sys.o
    0x08003932   0x08003932   0x00000008   Code   RO          323    i.SysTick_Handler   stm32f1xx_it.o
    0x0800393a   0x0800393a   0x00000002   PAD
    0x0800393c   0x0800393c   0x00000064   Code   RO           14    i.SystemInit        system_stm32f1xx_1.o
    0x080039a0   0x080039a0   0x00000010   Code   RO          851    i.TIM3_IRQHandler   timer.o
    0x080039b0   0x080039b0   0x0000002c   Code   RO          852    i.TIM3_Init         timer.o
    0x080039dc   0x080039dc   0x00000010   Code   RO          854    i.TIM4_IRQHandler   timer.o
    0x080039ec   0x080039ec   0x00000010   Code   RO          857    i.TIM5_IRQHandler   timer.o
    0x080039fc   0x080039fc   0x00000084   Code   RO         5185    i.TIM_Base_SetConfig  stm32f1xx_hal_tim.o
    0x08003a80   0x08003a80   0x00000014   Code   RO         6011    i.UART_DMAAbortOnError  stm32f1xx_hal_uart.o
    0x08003a94   0x08003a94   0x00000050   Code   RO         6012    i.UART_DMAError     stm32f1xx_hal_uart.o
    0x08003ae4   0x08003ae4   0x00000046   Code   RO         6013    i.UART_DMAReceiveCplt  stm32f1xx_hal_uart.o
    0x08003b2a   0x08003b2a   0x0000000e   Code   RO         6015    i.UART_DMARxHalfCplt  stm32f1xx_hal_uart.o
    0x08003b38   0x08003b38   0x00000036   Code   RO         6017    i.UART_DMATransmitCplt  stm32f1xx_hal_uart.o
    0x08003b6e   0x08003b6e   0x0000000e   Code   RO         6019    i.UART_DMATxHalfCplt  stm32f1xx_hal_uart.o
    0x08003b7c   0x08003b7c   0x00000020   Code   RO         6021    i.UART_EndRxTransfer  stm32f1xx_hal_uart.o
    0x08003b9c   0x08003b9c   0x00000020   Code   RO         6022    i.UART_EndTransmit_IT  stm32f1xx_hal_uart.o
    0x08003bbc   0x08003bbc   0x00000014   Code   RO         6023    i.UART_EndTxTransfer  stm32f1xx_hal_uart.o
    0x08003bd0   0x08003bd0   0x000000a6   Code   RO         6024    i.UART_Receive_IT   stm32f1xx_hal_uart.o
    0x08003c76   0x08003c76   0x0000002a   Code   RO          465    i.UART_Send_messag  usart.o
    0x08003ca0   0x08003ca0   0x000001c8   Code   RO         6025    i.UART_SetConfig    stm32f1xx_hal_uart.o
    0x08003e68   0x08003e68   0x00000068   Code   RO         6026    i.UART_Transmit_IT  stm32f1xx_hal_uart.o
    0x08003ed0   0x08003ed0   0x0000006c   Code   RO         6027    i.UART_WaitOnFlagUntilTimeout  stm32f1xx_hal_uart.o
    0x08003f3c   0x08003f3c   0x00000050   Code   RO          466    i.USART1_IRQHandler  usart.o
    0x08003f8c   0x08003f8c   0x00000050   Code   RO          467    i.USART2_IRQHandler  usart.o
    0x08003fdc   0x08003fdc   0x00000018   Code   RO          468    i.USART3_IRQHandler  usart.o
    0x08003ff4   0x08003ff4   0x000000b8   Code   RO          469    i.Uart_Init         usart.o
    0x080040ac   0x080040ac   0x00000004   Code   RO          324    i.UsageFault_Handler  stm32f1xx_it.o
    0x080040b0   0x080040b0   0x00000084   Code   RO          470    i.UsartReceive_IDLE  usart.o
    0x08004134   0x08004134   0x00000010   Code   RO         6916    i.__0printf$bare    mc_w.l(printfb.o)
    0x08004144   0x08004144   0x00000010   Code   RO         1652    i.__NVIC_GetPriorityGrouping  stm32f1xx_hal_cortex.o
    0x08004154   0x08004154   0x00000028   Code   RO         1653    i.__NVIC_SetPriority  stm32f1xx_hal_cortex.o
    0x0800417c   0x0800417c   0x0000000e   Code   RO         7216    i.__scatterload_copy  mc_w.l(handlers.o)
    0x0800418a   0x0800418a   0x00000002   Code   RO         7217    i.__scatterload_null  mc_w.l(handlers.o)
    0x0800418c   0x0800418c   0x0000000e   Code   RO         7218    i.__scatterload_zeroinit  mc_w.l(handlers.o)
    0x0800419a   0x0800419a   0x00000022   Code   RO         6923    i._printf_core      mc_w.l(printfb.o)
    0x080041bc   0x080041bc   0x00000014   Code   RO          391    i.delay_init        delay.o
    0x080041d0   0x080041d0   0x0000001c   Code   RO          472    i.fputc             usart.o
    0x080041ec   0x080041ec   0x000001a8   Code   RO          212    i.main              main.o
    0x08004394   0x08004394   0x00000018   Data   RO           15    .constdata          system_stm32f1xx_1.o
    0x080043ac   0x080043ac   0x00000020   Data   RO         7214    Region$$Table       anon$$obj.o


    Execution Region RW_IRAM1 (Exec base: 0x20000000, Load base: 0x080043cc, Size: 0x00000f48, Max: 0x00010000, ABSOLUTE, COMPRESSED[0x00000044])

    Exec Addr    Load Addr    Size         Type   Attr      Idx    E Section Name        Object

    0x20000000   COMPRESSED   0x00000004   Data   RW           16    .data               system_stm32f1xx_1.o
    0x20000004   COMPRESSED   0x000001ac   Data   RW          214    .data               main.o
    0x200001b0   COMPRESSED   0x00000004   Data   RW          394    .data               delay.o
    0x200001b4   COMPRESSED   0x0000000c   Data   RW          474    .data               usart.o
    0x200001c0   COMPRESSED   0x00000008   Data   RW          861    .data               timer.o
    0x200001c8   COMPRESSED   0x00000009   Data   RW         1077    .data               stm32f1xx_hal.o
    0x200001d1   COMPRESSED   0x00000001   Data   RW         5050    .data               stm32f1xx_hal_spi_ex.o
    0x200001d2   COMPRESSED   0x00000002   PAD
    0x200001d4        -       0x0000003c   Zero   RW          213    .bss                main.o
    0x20000210        -       0x0000025e   Zero   RW          473    .bss                usart.o
    0x2000046e   COMPRESSED   0x00000002   PAD
    0x20000470        -       0x00000108   Zero   RW          592    .bss                can.o
    0x20000578        -       0x00000014   Zero   RW          724    .bss                rtc.o
    0x2000058c        -       0x000000e0   Zero   RW          802    .bss                spi.o
    0x2000066c        -       0x000000dc   Zero   RW          860    .bss                timer.o
    0x20000748        -       0x00000800   Zero   RW            1    STACK               startup_stm32f105xc.o


==============================================================================

Image component sizes


      Code (inc. data)   RO Data    RW Data    ZI Data      Debug   Object Name

       608         80          0          0        264       3874   can.o
        20          4          0          4          0        737   delay.o
       108         20          0          0          0       1955   gps_u_blox.o
        88         10          0          0          0        891   led.o
       424         64          0        428         60       4247   main.o
        40         18          0          0         20       1687   rtc.o
       376         26          0          0        224       2672   spi.o
        36          8        336          0       2048        812   startup_stm32f105xc.o
       192         36          0          9          0       3985   stm32f1xx_hal.o
      2074         16          0          0          0       6781   stm32f1xx_hal_can.o
       344         22          0          0          0      30301   stm32f1xx_hal_cortex.o
      1750         28          0          0          0       5378   stm32f1xx_hal_dma.o
       824         32          0          0          0       3383   stm32f1xx_hal_gpio.o
         2          0          0          0          0        454   stm32f1xx_hal_msp.o
      2184        124          0          0          0       6388   stm32f1xx_hal_rcc.o
        56          4          0          0          0       1138   stm32f1xx_hal_rtc.o
      1552          0          0          0          0       5044   stm32f1xx_hal_spi.o
       154          4          0          1          0       2028   stm32f1xx_hal_spi_ex.o
       710         18          0          0          0       5814   stm32f1xx_hal_tim.o
         4          0          0          0          0       1590   stm32f1xx_hal_tim_ex.o
      2422         40          0          0          0      16984   stm32f1xx_hal_uart.o
        32          0          0          0          0       4114   stm32f1xx_it.o
       112          0          0          0          0        639   sys.o
       100         16         24          4          0     633711   system_stm32f1xx_1.o
       584         76          0          8        220       4791   timer.o
      1694        200          0         12        606      10629   usart.o

    ----------------------------------------------------------------------
     16510        846        392        468       3444     760027   Object Totals
         0          0         32          0          0          0   (incl. Generated)
        20          0          0          2          2          0   (incl. Padding)

    ----------------------------------------------------------------------

      Code (inc. data)   RO Data    RW Data    ZI Data      Debug   Library Member Name

        86          0          0          0          0          0   __dczerorl2.o
         0          0          0          0          0          0   entry.o
         0          0          0          0          0          0   entry10a.o
         0          0          0          0          0          0   entry11a.o
         8          4          0          0          0          0   entry2.o
         4          0          0          0          0          0   entry5.o
         0          0          0          0          0          0   entry7b.o
         0          0          0          0          0          0   entry8b.o
         8          4          0          0          0          0   entry9a.o
        30          0          0          0          0          0   handlers.o
        36          8          0          0          0         68   init.o
        30          0          0          0          0         68   llshl.o
        32          0          0          0          0         68   llushr.o
        36          0          0          0          0         68   memcpya.o
        36          0          0          0          0        108   memseta.o
        50          8          0          0          0        152   printfb.o
        98          0          0          0          0         92   uldiv.o

    ----------------------------------------------------------------------
       454         24          0          0          0        624   Library Totals
         0          0          0          0          0          0   (incl. Padding)

    ----------------------------------------------------------------------

      Code (inc. data)   RO Data    RW Data    ZI Data      Debug   Library Name

       454         24          0          0          0        624   mc_w.l

    ----------------------------------------------------------------------
       454         24          0          0          0        624   Library Totals

    ----------------------------------------------------------------------

==============================================================================


      Code (inc. data)   RO Data    RW Data    ZI Data      Debug   

     16964        870        392        468       3444     754435   Grand Totals
     16964        870        392         68       3444     754435   ELF Image Totals (compressed)
     16964        870        392         68          0          0   ROM Totals

==============================================================================

    Total RO  Size (Code + RO Data)                17356 (  16.95kB)
    Total RW  Size (RW Data + ZI Data)              3912 (   3.82kB)
    Total ROM Size (Code + RO Data + RW Data)      17424 (  17.02kB)

==============================================================================

